Archive member included to satisfy reference by file (symbol)

/usr/lib/gcc/arm-none-eabi/14.2.1/thumb/v6-m/nofp/libgcc.a(_thumb1_case_sqi.o)
                              build_boot_ibsth2p_v15/SDK/lib/ble_host/gap_task.o (__gnu_thumb1_case_sqi)
/usr/lib/gcc/arm-none-eabi/14.2.1/thumb/v6-m/nofp/libgcc.a(_thumb1_case_uqi.o)
                              build_boot_ibsth2p_v15/source/devinfoservice.o (__gnu_thumb1_case_uqi)
/usr/lib/gcc/arm-none-eabi/14.2.1/thumb/v6-m/nofp/libgcc.a(_thumb1_case_shi.o)
                              build_boot_ibsth2p_v15/SDK/lib/rf/patch.o (__gnu_thumb1_case_shi)
/usr/lib/gcc/arm-none-eabi/14.2.1/thumb/v6-m/nofp/libgcc.a(_thumb1_case_uhi.o)
                              build_boot_ibsth2p_v15/source/cmd_parser.o (__gnu_thumb1_case_uhi)

Discarded input sections

 .group         0x00000000        0xc build_boot_ibsth2p_v15/source/main.o
 .group         0x00000000        0xc build_boot_ibsth2p_v15/source/main.o
 .group         0x00000000        0xc build_boot_ibsth2p_v15/source/main.o
 .group         0x00000000        0xc build_boot_ibsth2p_v15/source/main.o
 .group         0x00000000        0xc build_boot_ibsth2p_v15/source/main.o
 .group         0x00000000        0xc build_boot_ibsth2p_v15/source/main.o
 .group         0x00000000        0xc build_boot_ibsth2p_v15/source/main.o
 .group         0x00000000        0xc build_boot_ibsth2p_v15/source/main.o
 .group         0x00000000        0xc build_boot_ibsth2p_v15/source/main.o
 .group         0x00000000        0xc build_boot_ibsth2p_v15/source/main.o
 .group         0x00000000        0xc build_boot_ibsth2p_v15/source/main.o
 .group         0x00000000        0xc build_boot_ibsth2p_v15/source/main.o
 .group         0x00000000        0xc build_boot_ibsth2p_v15/source/main.o
 .group         0x00000000        0xc build_boot_ibsth2p_v15/source/main.o
 .group         0x00000000        0xc build_boot_ibsth2p_v15/source/main.o
 .group         0x00000000        0xc build_boot_ibsth2p_v15/source/main.o
 .group         0x00000000        0xc build_boot_ibsth2p_v15/source/main.o
 .group         0x00000000        0xc build_boot_ibsth2p_v15/source/main.o
 .group         0x00000000        0xc build_boot_ibsth2p_v15/source/main.o
 .group         0x00000000        0xc build_boot_ibsth2p_v15/source/main.o
 .group         0x00000000        0xc build_boot_ibsth2p_v15/source/main.o
 .group         0x00000000        0xc build_boot_ibsth2p_v15/source/main.o
 .group         0x00000000        0xc build_boot_ibsth2p_v15/source/main.o
 .group         0x00000000        0xc build_boot_ibsth2p_v15/source/main.o
 .group         0x00000000        0xc build_boot_ibsth2p_v15/source/main.o
 .group         0x00000000        0xc build_boot_ibsth2p_v15/source/main.o
 .group         0x00000000        0xc build_boot_ibsth2p_v15/source/main.o
 .group         0x00000000        0xc build_boot_ibsth2p_v15/source/main.o
 .group         0x00000000        0xc build_boot_ibsth2p_v15/source/main.o
 .group         0x00000000        0xc build_boot_ibsth2p_v15/source/main.o
 .group         0x00000000        0xc build_boot_ibsth2p_v15/source/main.o
 .group         0x00000000        0xc build_boot_ibsth2p_v15/source/main.o
 .group         0x00000000        0xc build_boot_ibsth2p_v15/source/main.o
 .group         0x00000000        0xc build_boot_ibsth2p_v15/source/main.o
 .group         0x00000000        0xc build_boot_ibsth2p_v15/source/main.o
 .group         0x00000000        0xc build_boot_ibsth2p_v15/source/main.o
 .group         0x00000000        0xc build_boot_ibsth2p_v15/source/main.o
 .group         0x00000000        0xc build_boot_ibsth2p_v15/source/main.o
 .group         0x00000000        0xc build_boot_ibsth2p_v15/source/main.o
 .group         0x00000000        0xc build_boot_ibsth2p_v15/source/main.o
 .group         0x00000000        0xc build_boot_ibsth2p_v15/source/main.o
 .group         0x00000000        0xc build_boot_ibsth2p_v15/source/main.o
 .group         0x00000000        0xc build_boot_ibsth2p_v15/source/main.o
 .group         0x00000000        0xc build_boot_ibsth2p_v15/source/main.o
 .group         0x00000000        0xc build_boot_ibsth2p_v15/source/main.o
 .group         0x00000000        0xc build_boot_ibsth2p_v15/source/main.o
 .group         0x00000000        0xc build_boot_ibsth2p_v15/source/main.o
 .group         0x00000000        0xc build_boot_ibsth2p_v15/source/main.o
 .group         0x00000000        0xc build_boot_ibsth2p_v15/source/main.o
 .group         0x00000000        0xc build_boot_ibsth2p_v15/source/main.o
 .group         0x00000000        0xc build_boot_ibsth2p_v15/source/main.o
 .group         0x00000000        0xc build_boot_ibsth2p_v15/source/main.o
 .group         0x00000000        0xc build_boot_ibsth2p_v15/source/main.o
 .group         0x00000000        0xc build_boot_ibsth2p_v15/source/main.o
 .group         0x00000000        0xc build_boot_ibsth2p_v15/source/main.o
[...]
Memory Configuration

Name             Origin             Length             Attributes
jumptbl          0x1fff0000         0x00000400         rw
gcfgtbl          0x1fff0400         0x00000400         rw
sram             0x1fff1838         0x0000e7c8         xrw
flash            0x11003000         0x0000f000         xr
sram2            0x20000000         0x00010000         xrw
sram3            0x20010000         0x00002000         xrw
sram4            0x20012000         0x00000800         xrw
*default*        0x00000000         0xffffffff

Linker script and memory map


.jumptbl        0x1fff0000      0x400
 *(jump_table_mem_area)
 jump_table_mem_area
                0x1fff0000      0x400 build_boot_ibsth2p_v15/SDK/misc/jump_table.o
                0x1fff0000                jump_table_base

.gcfgtbl        0x1fff0400      0x400
 *(global_config_area)
 global_config_area
                0x1fff0400      0x400 build_boot_ibsth2p_v15/SDK/misc/jump_table.o
                0x1fff0400                global_config

.textentry
 *(*.isr_vector)
                0x1fff0800                        _sdata = ABSOLUTE (.)

.text           0x1fff1838     0x2828
                0x1fff1838                        _stextram = ABSOLUTE (.)
 *phy6222_start.o(.text)
 .text          0x1fff1838       0x24 build_boot_ibsth2p_v15/SDK/misc/CMSIS/device/phyplus/phy6222_start.o
                0x1fff1838                __Vectors
                0x1fff1838                _vectors
                0x1fff1840                __start
 *.o(_section_standby_code_)
 *.o(_section_sram_code_)
 _section_sram_code_
                0x1fff185c       0xb4 build_boot_ibsth2p_v15/source/battery.o
                0x1fff185c                hal_ADC_IRQHandler
 _section_sram_code_
                0x1fff1910       0xb4 build_boot_ibsth2p_v15/SDK/lib/ble_host/l2cap_util.o
                0x1fff1910                L2CAP_Fragment_SendDataPkt
                0x1fff193c                l2capSegmentBuffToLinkLayer
                0x1fff1998                l2capPocessFragmentTxData
 _section_sram_code_
                0x1fff19c4       0x40 build_boot_ibsth2p_v15/SDK/components/driver/flash/flash.o
 _section_sram_code_
                0x1fff1a04       0x3c build_boot_ibsth2p_v15/SDK/components/driver/pwrmgr/pwrmgr.o
                0x1fff1a04                hal_pwrmgr_enter_sleep_rtc_reset
 _section_sram_code_
                0x1fff1a40      0x18c build_boot_ibsth2p_v15/SDK/components/driver/uart/uart.o
                0x1fff1b4c                hal_UART0_IRQHandler
                0x1fff1b8c                hal_UART1_IRQHandler
 *patch.o(.text.*)
 .text.ll_hw_go1
                0x1fff1bcc      0x1cc build_boot_ibsth2p_v15/SDK/lib/rf/patch.o
                0x1fff1bcc                ll_hw_go1
 .text.LL_set_default_conn_params1
                0x1fff1d98       0x14 build_boot_ibsth2p_v15/SDK/lib/rf/patch.o
                0x1fff1d98                LL_set_default_conn_params1
 .text.llSetupNextSlaveEvent1
                0x1fff1dac       0x2c build_boot_ibsth2p_v15/SDK/lib/rf/patch.o
                0x1fff1dac                llSetupNextSlaveEvent1
 .text.ll_scheduler2
                0x1fff1dd8       0x48 build_boot_ibsth2p_v15/SDK/lib/rf/patch.o
                0x1fff1dd8                ll_scheduler2
 .text.ll_adptive_adj_next_time1
                0x1fff1e20       0xb8 build_boot_ibsth2p_v15/SDK/lib/rf/patch.o
                0x1fff1e20                ll_adptive_adj_next_time1
 .text.llConnTerminate1
                0x1fff1ed8       0x48 build_boot_ibsth2p_v15/SDK/lib/rf/patch.o
                0x1fff1ed8                llConnTerminate1
 .text.config_RTC1
                0x1fff1f20       0x74 build_boot_ibsth2p_v15/SDK/lib/rf/patch.o
                0x1fff1f20                config_RTC1
 .text.LL_ENC_AES128_Encrypt1
                0x1fff1f94       0x1a build_boot_ibsth2p_v15/SDK/lib/rf/patch.o
                0x1fff1f94                LL_ENC_AES128_Encrypt1
 *fill*         0x1fff1fae        0x2 
 .text.LL_ENC_Encrypt1
                0x1fff1fb0      0x1b4 build_boot_ibsth2p_v15/SDK/lib/rf/patch.o
                0x1fff1fb0                LL_ENC_Encrypt1
 .text.LL_ENC_Decrypt1
                0x1fff2164      0x1f4 build_boot_ibsth2p_v15/SDK/lib/rf/patch.o
                0x1fff2164                LL_ENC_Decrypt1
 .text.LL_SetAdvControl1
                0x1fff2358      0x1a0 build_boot_ibsth2p_v15/SDK/lib/rf/patch.o
                0x1fff2358                LL_SetAdvControl1
 .text.llProcessTxData1
                0x1fff24f8        0xc build_boot_ibsth2p_v15/SDK/lib/rf/patch.o
                0x1fff24f8                llProcessTxData1
 .text.ll_generateTxBuffer1
                0x1fff2504      0x1ac build_boot_ibsth2p_v15/SDK/lib/rf/patch.o
                0x1fff2504                ll_generateTxBuffer1
 .text.enterSleepProcess1
                0x1fff26b0       0x44 build_boot_ibsth2p_v15/SDK/lib/rf/patch.o
                0x1fff26b0                enterSleepProcess1
 .text.llSetupSecAdvEvt1
                0x1fff26f4       0x94 build_boot_ibsth2p_v15/SDK/lib/rf/patch.o
                0x1fff26f4                llSetupSecAdvEvt1
 .text.LL_SetAdvParam1
                0x1fff2788       0x60 build_boot_ibsth2p_v15/SDK/lib/rf/patch.o
                0x1fff2788                LL_SetAdvParam1
 .text.LL_SetDataLengh1
                0x1fff27e8       0x30 build_boot_ibsth2p_v15/SDK/lib/rf/patch.o
                0x1fff27e8                LL_SetDataLengh1
 .text.read_LL_remainder_time1
                0x1fff2818       0x24 build_boot_ibsth2p_v15/SDK/lib/rf/patch.o
 .text.llSecAdvAllow1
                0x1fff283c       0x4c build_boot_ibsth2p_v15/SDK/lib/rf/patch.o
                0x1fff283c                llSecAdvAllow1
 .text.llCalcMaxScanTime1
                0x1fff2888       0x3c build_boot_ibsth2p_v15/SDK/lib/rf/patch.o
                0x1fff2888                llCalcMaxScanTime1
 .text.__wdt_init
                0x1fff28c4       0x18 build_boot_ibsth2p_v15/SDK/lib/rf/patch.o
                0x1fff28c4                __wdt_init
 .text.wakeup_init1
                0x1fff28dc       0xe8 build_boot_ibsth2p_v15/SDK/lib/rf/patch.o
                0x1fff28dc                wakeup_init1
 .text.wakeupProcess1
                0x1fff29c4      0x20c build_boot_ibsth2p_v15/SDK/lib/rf/patch.o
                0x1fff29c4                wakeupProcess1
 .text.ll_processBasicIRQ_SRX
                0x1fff2bd0       0x1c build_boot_ibsth2p_v15/SDK/lib/rf/patch.o
                0x1fff2bd0                ll_processBasicIRQ_SRX
 .text.ll_processBasicIRQ_secondaryAdvTRX
                0x1fff2bec       0x1c build_boot_ibsth2p_v15/SDK/lib/rf/patch.o
                0x1fff2bec                ll_processBasicIRQ_secondaryAdvTRX
 .text.ll_processBasicIRQ_ScanTRX
                0x1fff2c08       0x1c build_boot_ibsth2p_v15/SDK/lib/rf/patch.o
                0x1fff2c08                ll_processBasicIRQ_ScanTRX
 .text.ll_processBasicIRQ_secondaryScanSRX
                0x1fff2c24       0x1c build_boot_ibsth2p_v15/SDK/lib/rf/patch.o
                0x1fff2c24                ll_processBasicIRQ_secondaryScanSRX
 .text.ll_processBasicIRQ_secondaryInitSRX
                0x1fff2c40       0x1c build_boot_ibsth2p_v15/SDK/lib/rf/patch.o
                0x1fff2c40                ll_processBasicIRQ_secondaryInitSRX
 .text.LL_IRQHandler1
                0x1fff2c5c      0x164 build_boot_ibsth2p_v15/SDK/lib/rf/patch.o
                0x1fff2c5c                LL_IRQHandler1
 .text.ll_patch_slave
                0x1fff2dc0       0x4c build_boot_ibsth2p_v15/SDK/lib/rf/patch.o
                0x1fff2dc0                ll_patch_slave
 .text.chip_id_one_bit_hot_convter
                0x1fff2e0c       0x70 build_boot_ibsth2p_v15/SDK/lib/rf/patch.o
                0x1fff2e0c                chip_id_one_bit_hot_convter
 *patch_ext_adv.o(.text.*)
 *rf_phy_driver.o(.text.*)
 .text.rf_phy_change_cfg0
                0x1fff2e7c       0xd8 build_boot_ibsth2p_v15/SDK/lib/ble_controller/rf_phy_driver.o
                0x1fff2e7c                rf_phy_change_cfg0
 .text.rc32k_calibration
                0x1fff2f54       0x90 build_boot_ibsth2p_v15/SDK/lib/ble_controller/rf_phy_driver.o
                0x1fff2f54                rc32k_calibration
 .text.rf_calibrate1
                0x1fff2fe4       0x1c build_boot_ibsth2p_v15/SDK/lib/ble_controller/rf_phy_driver.o
                0x1fff2fe4                rf_calibrate1
 *pwrmgr.o(.text .text.*)
 .text.hal_pwrmgr_init
                0x1fff3000       0x18 build_boot_ibsth2p_v15/SDK/components/driver/pwrmgr/pwrmgr.o
                0x1fff3000                hal_pwrmgr_init
 .text.hal_pwrmgr_lock
                0x1fff3018       0x40 build_boot_ibsth2p_v15/SDK/components/driver/pwrmgr/pwrmgr.o
                0x1fff3018                hal_pwrmgr_lock
 .text.hal_pwrmgr_unlock
                0x1fff3058       0x44 build_boot_ibsth2p_v15/SDK/components/driver/pwrmgr/pwrmgr.o
                0x1fff3058                hal_pwrmgr_unlock
 .text.hal_pwrmgr_register
                0x1fff309c       0x4c build_boot_ibsth2p_v15/SDK/components/driver/pwrmgr/pwrmgr.o
                0x1fff309c                hal_pwrmgr_register
 .text.hal_pwrmgr_unregister
                0x1fff30e8       0x50 build_boot_ibsth2p_v15/SDK/components/driver/pwrmgr/pwrmgr.o
                0x1fff30e8                hal_pwrmgr_unregister
 .text.hal_pwrmgr_wakeup_process
                0x1fff3138      0x154 build_boot_ibsth2p_v15/SDK/components/driver/pwrmgr/pwrmgr.o
                0x1fff3138                hal_pwrmgr_wakeup_process
 .text.hal_pwrmgr_RAM_retention
                0x1fff328c       0x28 build_boot_ibsth2p_v15/SDK/components/driver/pwrmgr/pwrmgr.o
                0x1fff328c                hal_pwrmgr_RAM_retention
 .text.hal_pwrmgr_RAM_retention_clr
                0x1fff32b4       0x18 build_boot_ibsth2p_v15/SDK/components/driver/pwrmgr/pwrmgr.o
                0x1fff32b4                hal_pwrmgr_RAM_retention_clr
 .text.hal_pwrmgr_RAM_retention_set
                0x1fff32cc       0x24 build_boot_ibsth2p_v15/SDK/components/driver/pwrmgr/pwrmgr.o
                0x1fff32cc                hal_pwrmgr_RAM_retention_set
 .text.hal_pwrmgr_sleep_process
                0x1fff32f0       0x3c build_boot_ibsth2p_v15/SDK/components/driver/pwrmgr/pwrmgr.o
                0x1fff32f0                hal_pwrmgr_sleep_process
 *timer.o(.text .text.*)
 *flash.o(.text .text.*)
 .text._spif_read_status_reg_x
                0x1fff332c       0x4c build_boot_ibsth2p_v15/SDK/components/driver/flash/flash.o
 .text._spif_wait_nobusy_x.constprop.0
                0x1fff3378       0x34 build_boot_ibsth2p_v15/SDK/components/driver/flash/flash.o
 .text.hal_cache_tag_flush
                0x1fff33ac       0x50 build_boot_ibsth2p_v15/SDK/components/driver/flash/flash.o
                0x1fff33ac                hal_cache_tag_flush
 .text.hal_get_flash_info
                0x1fff33fc       0xc8 build_boot_ibsth2p_v15/SDK/components/driver/flash/flash.o
                0x1fff33fc                hal_get_flash_info
 .text.hw_spif_cache_config
                0x1fff34c4       0x98 build_boot_ibsth2p_v15/SDK/components/driver/flash/flash.o
 .text.hal_flash_wr_status
                0x1fff355c       0xd8 build_boot_ibsth2p_v15/SDK/components/driver/flash/flash.o
                0x1fff355c                hal_flash_wr_status
 .text.hal_flash_unlock
                0x1fff3634        0xa build_boot_ibsth2p_v15/SDK/components/driver/flash/flash.o
                0x1fff3634                hal_flash_unlock
 *fill*         0x1fff363e        0x2 
 .text.hal_spif_cache_init
                0x1fff3640       0x24 build_boot_ibsth2p_v15/SDK/components/driver/flash/flash.o
                0x1fff3640                hal_spif_cache_init
 .text.hal_flash_read
                0x1fff3664       0xd0 build_boot_ibsth2p_v15/SDK/components/driver/flash/flash.o
                0x1fff3664                hal_flash_read
 .text.hal_flash_write
                0x1fff3734       0xb4 build_boot_ibsth2p_v15/SDK/components/driver/flash/flash.o
                0x1fff3734                hal_flash_write
 .text.hal_flash_erase_sector
                0x1fff37e8       0xf4 build_boot_ibsth2p_v15/SDK/components/driver/flash/flash.o
                0x1fff37e8                hal_flash_erase_sector
 .text.flash_write_word
                0x1fff38dc       0x12 build_boot_ibsth2p_v15/SDK/components/driver/flash/flash.o
                0x1fff38dc                flash_write_word
 *fill*         0x1fff38ee        0x2 
 .text.read_chip_mAddr
                0x1fff38f0       0x38 build_boot_ibsth2p_v15/SDK/components/driver/flash/flash.o
                0x1fff38f0                read_chip_mAddr
 *clock.o(.text.*)
 .text.hal_clk_gate_enable
                0x1fff3928       0x40 build_boot_ibsth2p_v15/SDK/components/driver/clock/clock.o
                0x1fff3928                hal_clk_gate_enable
 .text.hal_clk_gate_disable
                0x1fff3968       0x40 build_boot_ibsth2p_v15/SDK/components/driver/clock/clock.o
                0x1fff3968                hal_clk_gate_disable
 .text.hal_clk_reset
                0x1fff39a8       0x6c build_boot_ibsth2p_v15/SDK/components/driver/clock/clock.o
                0x1fff39a8                hal_clk_reset
 .text.hal_rtc_clock_config
                0x1fff3a14       0x7c build_boot_ibsth2p_v15/SDK/components/driver/clock/clock.o
                0x1fff3a14                hal_rtc_clock_config
 .text.hal_system_soft_reset
                0x1fff3a90       0x2c build_boot_ibsth2p_v15/SDK/components/driver/clock/clock.o
                0x1fff3a90                hal_system_soft_reset
 .text.hal_rc32k_clk_tracking_init
                0x1fff3abc       0x28 build_boot_ibsth2p_v15/SDK/components/driver/clock/clock.o
                0x1fff3abc                hal_rc32k_clk_tracking_init
 *phy_sec_ext.o(.text .text.*)
 .text.efuse_init
                0x1fff3ae4       0x1c build_boot_ibsth2p_v15/SDK/lib/sec/phy_sec_ext.o
                0x1fff3ae4                efuse_init
 *libgcc.a:*.o(.text .text.*)
 .text          0x1fff3b00       0x14 /usr/lib/gcc/arm-none-eabi/14.2.1/thumb/v6-m/nofp/libgcc.a(_thumb1_case_sqi.o)
                0x1fff3b00                __gnu_thumb1_case_sqi
 .text          0x1fff3b14       0x14 /usr/lib/gcc/arm-none-eabi/14.2.1/thumb/v6-m/nofp/libgcc.a(_thumb1_case_uqi.o)
                0x1fff3b14                __gnu_thumb1_case_uqi
 .text          0x1fff3b28       0x14 /usr/lib/gcc/arm-none-eabi/14.2.1/thumb/v6-m/nofp/libgcc.a(_thumb1_case_uhi.o)
                0x1fff3b28                __gnu_thumb1_case_uhi
 *fill*         0x1fff3b3c        0x4 
 .text.__stub   0x1fff3b40      0x520 linker stubs
                0x1fff4060                        _etextram = ABSOLUTE (.)

.vfp11_veneer   0x1fff4060        0x0
 .vfp11_veneer  0x1fff4060        0x0 linker stubs

.v4_bx          0x1fff4060        0x0
 .v4_bx         0x1fff4060        0x0 linker stubs

.iplt           0x1fff4060        0x0
 .iplt          0x1fff4060        0x0 build_boot_ibsth2p_v15/source/main.o

.data           0x1fff4060      0x3b6
 *(.data .data.*)
 .data.battAttrTbl
                0x1fff4060       0x40 build_boot_ibsth2p_v15/source/battservice.o
 .data.battLevelProps
                0x1fff40a0        0x1 build_boot_ibsth2p_v15/source/battservice.o
 *fill*         0x1fff40a1        0x3 
 .data.simpleProfileAttrTbl
                0x1fff40a4       0x70 build_boot_ibsth2p_v15/source/sbp_profile.o
 .data.devInfoAttrTbl
                0x1fff4114       0xd0 build_boot_ibsth2p_v15/source/devinfoservice.o
 .data.devInfoMfrNameProps
                0x1fff41e4        0x1 build_boot_ibsth2p_v15/source/devinfoservice.o
 .data.devInfoSoftwareRevProps
                0x1fff41e5        0x1 build_boot_ibsth2p_v15/source/devinfoservice.o
 .data.devInfoHardwareRevProps
                0x1fff41e6        0x1 build_boot_ibsth2p_v15/source/devinfoservice.o
 .data.devInfoFirmwareRevProps
                0x1fff41e7        0x1 build_boot_ibsth2p_v15/source/devinfoservice.o
 .data.devInfoSerialNumberProps
                0x1fff41e8        0x1 build_boot_ibsth2p_v15/source/devinfoservice.o
 .data.devInfoModelNumberProps
                0x1fff41e9        0x1 build_boot_ibsth2p_v15/source/devinfoservice.o
 *fill*         0x1fff41ea        0x2 
 .data.i2c_dev0
                0x1fff41ec        0x8 build_boot_ibsth2p_v15/source/sensors.o
                0x1fff41ec                i2c_dev0
 .data.simpleBLEPeripheral_PeripheralCBs
                0x1fff41f4        0x8 build_boot_ibsth2p_v15/source/thb2_main.o
 .data.hex_ascii
                0x1fff41fc        0x4 build_boot_ibsth2p_v15/source/thb2_main.o
                0x1fff41fc                hex_ascii
 .data.gapRole_TimeoutMultiplier
                0x1fff4200        0x2 build_boot_ibsth2p_v15/source/thb2_peripheral.o
                0x1fff4200                gapRole_TimeoutMultiplier
 .data.gapRole_SlaveLatency
                0x1fff4202        0x2 build_boot_ibsth2p_v15/source/thb2_peripheral.o
                0x1fff4202                gapRole_SlaveLatency
 .data.gapRole_MaxConnInterval
                0x1fff4204        0x2 build_boot_ibsth2p_v15/source/thb2_peripheral.o
                0x1fff4204                gapRole_MaxConnInterval
 .data.gapRole_MinConnInterval
                0x1fff4206        0x2 build_boot_ibsth2p_v15/source/thb2_peripheral.o
                0x1fff4206                gapRole_MinConnInterval
 .data.gapRole_ConnectionHandle
                0x1fff4208        0x2 build_boot_ibsth2p_v15/source/thb2_peripheral.o
                0x1fff4208                gapRole_ConnectionHandle
 .data.gapRole_AdvChanMap
                0x1fff420a        0x1 build_boot_ibsth2p_v15/source/thb2_peripheral.o
                0x1fff420a                gapRole_AdvChanMap
 .data.gapRole_AdvDirectAddr
                0x1fff420b        0x6 build_boot_ibsth2p_v15/source/thb2_peripheral.o
                0x1fff420b                gapRole_AdvDirectAddr
 .data.gapRole_AdvertData
                0x1fff4211       0x1f build_boot_ibsth2p_v15/source/thb2_peripheral.o
                0x1fff4211                gapRole_AdvertData
 .data.gapRole_AdvertDataLen
                0x1fff4230        0x1 build_boot_ibsth2p_v15/source/thb2_peripheral.o
                0x1fff4230                gapRole_AdvertDataLen
 *fill*         0x1fff4231        0x3 
 .data.thAttrTbl
                0x1fff4234       0x70 build_boot_ibsth2p_v15/source/thservice.o
 .data.thProps  0x1fff42a4        0x1 build_boot_ibsth2p_v15/source/thservice.o
 *fill*         0x1fff42a5        0x3 
 .data.ota      0x1fff42a8       0x18 build_boot_ibsth2p_v15/source/ble_ota.o
                0x1fff42a8                ota
 .data.g_ATT_MAX_NUM_HANDLES
                0x1fff42c0        0x2 build_boot_ibsth2p_v15/SDK/lib/ble_host/att_util.o
                0x1fff42c0                g_ATT_MAX_NUM_HANDLES
 .data.g_ATT_MAX_NUM_HANDLES_INFO
                0x1fff42c2        0x2 build_boot_ibsth2p_v15/SDK/lib/ble_host/att_util.o
                0x1fff42c2                g_ATT_MAX_NUM_HANDLES_INFO
 .data.g_ATT_MTU_SIZE_MAX
                0x1fff42c4        0x2 build_boot_ibsth2p_v15/SDK/lib/ble_host/att_util.o
                0x1fff42c4                g_ATT_MTU_SIZE_MAX
 .data.gapParameters
                0x1fff42c6       0x4e build_boot_ibsth2p_v15/SDK/lib/ble_host/gap_configmgr.o
                0x1fff42c6                gapParameters
 .data.gapAppTaskID
                0x1fff4314        0x1 build_boot_ibsth2p_v15/SDK/lib/ble_host/gap_configmgr.o
                0x1fff4314                gapAppTaskID
 *fill*         0x1fff4315        0x3 
 .data.gapPeripheralCBs
                0x1fff4318        0xc build_boot_ibsth2p_v15/SDK/lib/ble_host/gap_peridevmgr.o
 .data.gapAdvAppTaskID
                0x1fff4324        0x1 build_boot_ibsth2p_v15/SDK/lib/ble_host/gap_peridevmgr.o
 .data.gapUnwantedTaskID
                0x1fff4325        0x1 build_boot_ibsth2p_v15/SDK/lib/ble_host/gap_task.o
                0x1fff4325                gapUnwantedTaskID
 .data.nextHandle
                0x1fff4326        0x2 build_boot_ibsth2p_v15/SDK/lib/ble_host/gatt_server.o
 .data.reqTaskId
                0x1fff4328        0x1 build_boot_ibsth2p_v15/SDK/lib/ble_host/gatt_server.o
                0x1fff4328                reqTaskId
 *fill*         0x1fff4329        0x3 
 .data.smResponderCBs
                0x1fff432c        0xc build_boot_ibsth2p_v15/SDK/lib/ble_host/sm_rsppairing.o
 .data.phy_flash
                0x1fff4338        0xc build_boot_ibsth2p_v15/SDK/components/driver/flash/flash.o
                0x1fff4338                phy_flash
 .data.s_xflashCtx
                0x1fff4344        0x8 build_boot_ibsth2p_v15/SDK/components/driver/flash/flash.o
 .data.s_config_swClk1
                0x1fff434c        0x4 build_boot_ibsth2p_v15/SDK/components/driver/pwrmgr/pwrmgr.o
                0x1fff434c                s_config_swClk1
 .data.s_config_swClk0
                0x1fff4350        0x4 build_boot_ibsth2p_v15/SDK/components/driver/pwrmgr/pwrmgr.o
 .data.gapAttrTbl
                0x1fff4354       0x70 build_boot_ibsth2p_v15/SDK/components/profiles/Roles/gapgattserver.o
 .data.periConnParameters
                0x1fff43c4        0x8 build_boot_ibsth2p_v15/SDK/components/profiles/Roles/gapgattserver.o
                0x1fff43c4                periConnParameters
 .data.periConnParamCharProps
                0x1fff43cc        0x1 build_boot_ibsth2p_v15/SDK/components/profiles/Roles/gapgattserver.o
 *fill*         0x1fff43cd        0x1 
 .data.appearance
                0x1fff43ce        0x2 build_boot_ibsth2p_v15/SDK/components/profiles/Roles/gapgattserver.o
 .data.appearanceCharProps
                0x1fff43d0        0x1 build_boot_ibsth2p_v15/SDK/components/profiles/Roles/gapgattserver.o
 .data.deviceNameCharProps
                0x1fff43d1        0x1 build_boot_ibsth2p_v15/SDK/components/profiles/Roles/gapgattserver.o
 *fill*         0x1fff43d2        0x2 
 .data.gattAttrTbl
                0x1fff43d4       0x40 build_boot_ibsth2p_v15/SDK/components/profiles/GATT/gattservapp.o
 .data.serviceChangedCharProps
                0x1fff4414        0x1 build_boot_ibsth2p_v15/SDK/components/profiles/GATT/gattservapp.o
 .data.appTaskID
                0x1fff4415        0x1 build_boot_ibsth2p_v15/SDK/components/profiles/GATT/gattservapp.o
                0x1fff4415                appTaskID
 *(.gnu.linkonce.d.*)

.igot.plt       0x1fff4418        0x0
 .igot.plt      0x1fff4418        0x0 build_boot_ibsth2p_v15/source/main.o
                0x1fff4418                        . = ALIGN (0x4)
                0x1fff4418                        _edata = ABSOLUTE (.)

.bss            0x1fff4418     0x2794
                0x1fff4418                        _sbss = ABSOLUTE (.)
 *(.bss .bss.*)
 .bss.g_clk32K_config
                0x1fff4418        0x1 build_boot_ibsth2p_v15/source/main.o
                0x1fff4418                g_clk32K_config
 *fill*         0x1fff4419        0x3 
 .bss.g_largeHeap
                0x1fff441c     0x1000 build_boot_ibsth2p_v15/source/main.o
                0x1fff441c                g_largeHeap
 .bss.pConnContext
                0x1fff541c      0x284 build_boot_ibsth2p_v15/source/main.o
                0x1fff541c                pConnContext
 .bss.g_pConnectionBuffer
                0x1fff56a0      0xa78 build_boot_ibsth2p_v15/source/main.o
                0x1fff56a0                g_pConnectionBuffer
 .bss.bat_average
                0x1fff6118        0x8 build_boot_ibsth2p_v15/source/battery.o
                0x1fff6118                bat_average
 .bss.battLevelClientCharCfg
                0x1fff6120        0x8 build_boot_ibsth2p_v15/source/battservice.o
 .bss.battServiceCB
                0x1fff6128        0x4 build_boot_ibsth2p_v15/source/battservice.o
 .bss.tasksEvents
                0x1fff612c        0x4 build_boot_ibsth2p_v15/source/osal_peripheral.o
                0x1fff612c                tasksEvents
 .bss.cmd_in_len
                0x1fff6130        0x1 build_boot_ibsth2p_v15/source/sbp_profile.o
 .bss.cmd_in_buffer
                0x1fff6131       0x20 build_boot_ibsth2p_v15/source/sbp_profile.o
 *fill*         0x1fff6151        0x1 
 .bss.simpleProfileChar2Config
                0x1fff6152        0x8 build_boot_ibsth2p_v15/source/sbp_profile.o
 .bss.ota_in_len
                0x1fff615a        0x1 build_boot_ibsth2p_v15/source/sbp_profile.o
 .bss.ota_in_buffer
                0x1fff615b       0x14 build_boot_ibsth2p_v15/source/sbp_profile.o
 *fill*         0x1fff616f        0x1 
 .bss.simpleProfileChar1Config
                0x1fff6170        0x8 build_boot_ibsth2p_v15/source/sbp_profile.o
 .bss.devInfoSerialNumber
                0x1fff6178       0x13 build_boot_ibsth2p_v15/source/devinfoservice.o
                0x1fff6178                devInfoSerialNumber
 *fill*         0x1fff618b        0x1 
 .bss.thsensor_cfg
                0x1fff618c       0x18 build_boot_ibsth2p_v15/source/sensors.o
                0x1fff618c                thsensor_cfg
 .bss.measured_data
                0x1fff61a4        0xa build_boot_ibsth2p_v15/source/sensors.o
                0x1fff61a4                measured_data
 *fill*         0x1fff61ae        0x2 
 .bss.adv_wrk   0x1fff61b0        0xc build_boot_ibsth2p_v15/source/config.o
                0x1fff61b0                adv_wrk
 .bss.wrk       0x1fff61bc        0x3 build_boot_ibsth2p_v15/source/config.o
                0x1fff61bc                wrk
 *fill*         0x1fff61bf        0x1 
 .bss.cfg       0x1fff61c0        0xc build_boot_ibsth2p_v15/source/config.o
                0x1fff61c0                cfg
 .bss.clkt      0x1fff61cc       0x10 build_boot_ibsth2p_v15/source/config.o
                0x1fff61cc                clkt
 .bss.ucap_uart_cfg
                0x1fff61dc       0x10 build_boot_ibsth2p_v15/source/cmd_parser.o
 .bss.ucap      0x1fff61ec       0x24 build_boot_ibsth2p_v15/source/cmd_parser.o
                0x1fff61ec                ucap
 .bss.rawcap_pos
                0x1fff6210        0x1 build_boot_ibsth2p_v15/source/cmd_parser.o
 .bss.rawcap_buf
                0x1fff6211       0x40 build_boot_ibsth2p_v15/source/cmd_parser.o
 .bss.simpleBLEPeripheral_TaskID
                0x1fff6251        0x1 build_boot_ibsth2p_v15/source/thb2_main.o
                0x1fff6251                simpleBLEPeripheral_TaskID
 .bss.g_perStatsByChanTest
                0x1fff6252      0x1bc build_boot_ibsth2p_v15/source/thb2_main.o
                0x1fff6252                g_perStatsByChanTest
 *fill*         0x1fff640e        0x2 
 .bss.pGapRoles_ParamUpdateCB
                0x1fff6410        0x4 build_boot_ibsth2p_v15/source/thb2_peripheral.o
 .bss.pGapRoles_AppCGs
                0x1fff6414        0x4 build_boot_ibsth2p_v15/source/thb2_peripheral.o
 .bss.paramUpdateNoSuccessOption
                0x1fff6418        0x1 build_boot_ibsth2p_v15/source/thb2_peripheral.o
 *fill*         0x1fff6419        0x1 
 .bss.gapRole_ConnTimeout
                0x1fff641a        0x2 build_boot_ibsth2p_v15/source/thb2_peripheral.o
 .bss.gapRole_ConnSlaveLatency
                0x1fff641c        0x2 build_boot_ibsth2p_v15/source/thb2_peripheral.o
 .bss.gapRole_ConnInterval
                0x1fff641e        0x2 build_boot_ibsth2p_v15/source/thb2_peripheral.o
 .bss.gapRole_ParamUpdateEnable
                0x1fff6420        0x1 build_boot_ibsth2p_v15/source/thb2_peripheral.o
                0x1fff6420                gapRole_ParamUpdateEnable
 .bss.gapRole_ConnectedDevAddr
                0x1fff6421        0x6 build_boot_ibsth2p_v15/source/thb2_peripheral.o
 *fill*         0x1fff6427        0x1 
 .bss.gapRole_ConnectionLatency
                0x1fff6428        0x2 build_boot_ibsth2p_v15/source/thb2_peripheral.o
                0x1fff6428                gapRole_ConnectionLatency
 .bss.gapRole_ConnectionInterval
                0x1fff642a        0x2 build_boot_ibsth2p_v15/source/thb2_peripheral.o
                0x1fff642a                gapRole_ConnectionInterval
 .bss.gapRole_AdvFilterPolicy
                0x1fff642c        0x1 build_boot_ibsth2p_v15/source/thb2_peripheral.o
                0x1fff642c                gapRole_AdvFilterPolicy
 .bss.gapRole_AdvDirectType
                0x1fff642d        0x1 build_boot_ibsth2p_v15/source/thb2_peripheral.o
                0x1fff642d                gapRole_AdvDirectType
 .bss.gapRole_AdvEventType
                0x1fff642e        0x1 build_boot_ibsth2p_v15/source/thb2_peripheral.o
                0x1fff642e                gapRole_AdvEventType
 .bss.gapRole_ScanRspData
                0x1fff642f       0x1f build_boot_ibsth2p_v15/source/thb2_peripheral.o
                0x1fff642f                gapRole_ScanRspData
 .bss.gapRole_ScanRspDataLen
                0x1fff644e        0x1 build_boot_ibsth2p_v15/source/thb2_peripheral.o
                0x1fff644e                gapRole_ScanRspDataLen
 *fill*         0x1fff644f        0x1 
 .bss.gapRole_AdvertOffTime
                0x1fff6450        0x2 build_boot_ibsth2p_v15/source/thb2_peripheral.o
                0x1fff6450                gapRole_AdvertOffTime
 .bss.gapRole_AdvEnabled
                0x1fff6452        0x1 build_boot_ibsth2p_v15/source/thb2_peripheral.o
                0x1fff6452                gapRole_AdvEnabled
 *fill*         0x1fff6453        0x1 
 .bss.gapRole_signCounter
                0x1fff6454        0x4 build_boot_ibsth2p_v15/source/thb2_peripheral.o
 .bss.gapRole_SRK
                0x1fff6458       0x10 build_boot_ibsth2p_v15/source/thb2_peripheral.o
 .bss.gapRole_IRK
                0x1fff6468       0x10 build_boot_ibsth2p_v15/source/thb2_peripheral.o
 .bss.gapRole_profileRole
                0x1fff6478        0x1 build_boot_ibsth2p_v15/source/thb2_peripheral.o
 .bss.gapRole_state
                0x1fff6479        0x1 build_boot_ibsth2p_v15/source/thb2_peripheral.o
                0x1fff6479                gapRole_state
 .bss.gapRole_TaskID
                0x1fff647a        0x1 build_boot_ibsth2p_v15/source/thb2_peripheral.o
                0x1fff647a                gapRole_TaskID
 *fill*         0x1fff647b        0x1 
 .bss.humiLevelClientCharCfg
                0x1fff647c        0x8 build_boot_ibsth2p_v15/source/thservice.o
 .bss.tempLevelClientCharCfg
                0x1fff6484        0x8 build_boot_ibsth2p_v15/source/thservice.o
 .bss.thServiceCB
                0x1fff648c        0x4 build_boot_ibsth2p_v15/source/thservice.o
 .bss.g_lastSlaveLatency
                0x1fff6490        0x2 build_boot_ibsth2p_v15/SDK/lib/rf/patch.o
                0x1fff6490                g_lastSlaveLatency
 *fill*         0x1fff6492        0x2 
 .bss.g_t_llhwgo
                0x1fff6494        0x4 build_boot_ibsth2p_v15/SDK/lib/rf/patch.o
                0x1fff6494                g_t_llhwgo
 .bss.CreateConn_Flag
                0x1fff6498        0x1 build_boot_ibsth2p_v15/SDK/lib/rf/patch.o
                0x1fff6498                CreateConn_Flag
 *fill*         0x1fff6499        0x3 
 .bss.pGlobal_config
                0x1fff649c        0x4 build_boot_ibsth2p_v15/SDK/lib/rf/patch.o
                0x1fff649c                pGlobal_config
 .bss.gAttMtuSize
                0x1fff64a0        0x2 build_boot_ibsth2p_v15/SDK/lib/ble_host/att_util.o
                0x1fff64a0                gAttMtuSize
 .bss.g_attMtuClientServer
                0x1fff64a2        0x4 build_boot_ibsth2p_v15/SDK/lib/ble_host/att_util.o
                0x1fff64a2                g_attMtuClientServer
 .bss.gapCurrentRandomAddr
                0x1fff64a6        0x6 build_boot_ibsth2p_v15/SDK/lib/ble_host/gap_configmgr.o
 .bss.gapParams
                0x1fff64ac       0x1c build_boot_ibsth2p_v15/SDK/lib/ble_host/gap_configmgr.o
 .bss.gapAutoAdvPrivateAddrChange
                0x1fff64c8        0x1 build_boot_ibsth2p_v15/SDK/lib/ble_host/gap_configmgr.o
                0x1fff64c8                gapAutoAdvPrivateAddrChange
 *fill*         0x1fff64c9        0x1 
 .bss.gapPrivateAddrChangeTimeout
                0x1fff64ca        0x2 build_boot_ibsth2p_v15/SDK/lib/ble_host/gap_configmgr.o
                0x1fff64ca                gapPrivateAddrChangeTimeout
 .bss.gapDeviceAddrMode
                0x1fff64cc        0x1 build_boot_ibsth2p_v15/SDK/lib/ble_host/gap_configmgr.o
                0x1fff64cc                gapDeviceAddrMode
 .bss.gapProfileRole
                0x1fff64cd        0x1 build_boot_ibsth2p_v15/SDK/lib/ble_host/gap_configmgr.o
                0x1fff64cd                gapProfileRole
 *fill*         0x1fff64ce        0x2 
 .bss.pGapAdvertState
                0x1fff64d0        0x4 build_boot_ibsth2p_v15/SDK/lib/ble_host/gap_devmgr.o
                0x1fff64d0                pGapAdvertState
 .bss.terminateReason
                0x1fff64d4        0x1 build_boot_ibsth2p_v15/SDK/lib/ble_host/gap_linkmgr.o
 .bss.terminateAllTaskID
                0x1fff64d5        0x1 build_boot_ibsth2p_v15/SDK/lib/ble_host/gap_linkmgr.o
 *fill*         0x1fff64d6        0x2 
 .bss.pfnCentralConnCBs
                0x1fff64d8        0x4 build_boot_ibsth2p_v15/SDK/lib/ble_host/gap_linkmgr.o
                0x1fff64d8                pfnCentralConnCBs
 .bss.pAuthLink
                0x1fff64dc        0x4 build_boot_ibsth2p_v15/SDK/lib/ble_host/gap_linkmgr.o
                0x1fff64dc                pAuthLink
 .bss.pEstLink  0x1fff64e0        0x4 build_boot_ibsth2p_v15/SDK/lib/ble_host/gap_linkmgr.o
                0x1fff64e0                pEstLink
 .bss.gapLimitedAdvertisingTimeout
                0x1fff64e4        0x2 build_boot_ibsth2p_v15/SDK/lib/ble_host/gap_peridevmgr.o
 *fill*         0x1fff64e6        0x2 
 .bss.pGapScanRspData
                0x1fff64e8        0x4 build_boot_ibsth2p_v15/SDK/lib/ble_host/gap_peridevmgr.o
 .bss.pGapAdData
                0x1fff64ec        0x4 build_boot_ibsth2p_v15/SDK/lib/ble_host/gap_peridevmgr.o
 .bss.gapBootAdvertState
                0x1fff64f0        0xc build_boot_ibsth2p_v15/SDK/lib/ble_host/gap_peridevmgr.o
 .bss.gapBootScanRspData
                0x1fff64fc       0x20 build_boot_ibsth2p_v15/SDK/lib/ble_host/gap_peridevmgr.o
 .bss.gapBootAdData
                0x1fff651c       0x20 build_boot_ibsth2p_v15/SDK/lib/ble_host/gap_peridevmgr.o
 .bss.pfnCentralCBs
                0x1fff653c        0x4 build_boot_ibsth2p_v15/SDK/lib/ble_host/gap_task.o
 .bss.pfnPeripheralCBs
                0x1fff6540        0x4 build_boot_ibsth2p_v15/SDK/lib/ble_host/gap_task.o
                0x1fff6540                pfnPeripheralCBs
 .bss.gapTaskID
                0x1fff6544        0x1 build_boot_ibsth2p_v15/SDK/lib/ble_host/gap_task.o
                0x1fff6544                gapTaskID
 *fill*         0x1fff6545        0x3 
 .bss.pServiceList
                0x1fff6548        0x4 build_boot_ibsth2p_v15/SDK/lib/ble_host/gatt_server.o
 .bss.serverInfoTbl
                0x1fff654c        0x8 build_boot_ibsth2p_v15/SDK/lib/ble_host/gatt_server.o
                0x1fff654c                serverInfoTbl
 .bss.pfnClientProcessMsgCB
                0x1fff6554        0x4 build_boot_ibsth2p_v15/SDK/lib/ble_host/gatt_task.o
 .bss.pfnServerProcessMsgCB
                0x1fff6558        0x4 build_boot_ibsth2p_v15/SDK/lib/ble_host/gatt_task.o
 .bss.gattTaskID
                0x1fff655c        0x1 build_boot_ibsth2p_v15/SDK/lib/ble_host/gatt_task.o
                0x1fff655c                gattTaskID
 .bss.l2capFlowCtrlMode
                0x1fff655d        0x1 build_boot_ibsth2p_v15/SDK/lib/ble_host/l2cap_if.o
 .bss.l2capChannels
                0x1fff655e       0x1e build_boot_ibsth2p_v15/SDK/lib/ble_host/l2cap_task.o
                0x1fff655e                l2capChannels
 .bss.l2capFixedChannels
                0x1fff657c       0x10 build_boot_ibsth2p_v15/SDK/lib/ble_host/l2cap_task.o
                0x1fff657c                l2capFixedChannels
 .bss.l2capTaskID
                0x1fff658c        0x1 build_boot_ibsth2p_v15/SDK/lib/ble_host/l2cap_task.o
                0x1fff658c                l2capTaskID
 *fill*         0x1fff658d        0x1 
 .bss.currSeqNum
                0x1fff658e        0x2 build_boot_ibsth2p_v15/SDK/lib/ble_host/l2cap_util.o
                0x1fff658e                currSeqNum
 .bss.l2capId   0x1fff6590        0x1 build_boot_ibsth2p_v15/SDK/lib/ble_host/l2cap_util.o
 *fill*         0x1fff6591        0x3 
 .bss.g_sarDbgCnt
                0x1fff6594       0x34 build_boot_ibsth2p_v15/SDK/lib/ble_host/l2cap_util.o
                0x1fff6594                g_sarDbgCnt
 .bss.l2capSegmentPkt
                0x1fff65c8       0x5c build_boot_ibsth2p_v15/SDK/lib/ble_host/l2cap_util.o
                0x1fff65c8                l2capSegmentPkt
 .bss.l2capReassemblePkt
                0x1fff6624       0x10 build_boot_ibsth2p_v15/SDK/lib/ble_host/l2cap_util.o
                0x1fff6624                l2capReassemblePkt
 .bss.linkCBs   0x1fff6634       0x14 build_boot_ibsth2p_v15/SDK/lib/ble_host/linkdb.o
 .bss.linkDB    0x1fff6648       0x28 build_boot_ibsth2p_v15/SDK/lib/ble_host/linkdb.o
 .bss.pSmGenKey
                0x1fff6670        0x4 build_boot_ibsth2p_v15/SDK/lib/ble_host/sm_mgr.o
 .bss.smTO_CBTimer
                0x1fff6674        0xf build_boot_ibsth2p_v15/SDK/lib/ble_host/sm_mgr.o
                0x1fff6674                smTO_CBTimer
 *fill*         0x1fff6683        0x1 
 .bss.pfnInitiatorCBs
                0x1fff6684        0x4 build_boot_ibsth2p_v15/SDK/lib/ble_host/sm_pairing.o
 .bss.pfnResponderCBs
                0x1fff6688        0x4 build_boot_ibsth2p_v15/SDK/lib/ble_host/sm_pairing.o
                0x1fff6688                pfnResponderCBs
 .bss.pPairingParams
                0x1fff668c        0x4 build_boot_ibsth2p_v15/SDK/lib/ble_host/sm_pairing.o
                0x1fff668c                pPairingParams
 .bss.smState_CBTimer
                0x1fff6690        0xf build_boot_ibsth2p_v15/SDK/lib/ble_host/sm_rsppairing.o
                0x1fff6690                smState_CBTimer
 .bss.smTaskID  0x1fff669f        0x1 build_boot_ibsth2p_v15/SDK/lib/ble_host/sm_task.o
                0x1fff669f                smTaskID
 .bss.m_gpioCtx
                0x1fff66a0      0x130 build_boot_ibsth2p_v15/SDK/components/driver/gpio/gpio.o
 .bss.s_gpio_wakeup_src_group2
                0x1fff67d0        0x4 build_boot_ibsth2p_v15/SDK/components/driver/pwrmgr/pwrmgr.o
                0x1fff67d0                s_gpio_wakeup_src_group2
 .bss.s_gpio_wakeup_src_group1
                0x1fff67d4        0x4 build_boot_ibsth2p_v15/SDK/components/driver/pwrmgr/pwrmgr.o
                0x1fff67d4                s_gpio_wakeup_src_group1
 .bss.s_pwrmgr_cfg
                0x1fff67d8        0x1 build_boot_ibsth2p_v15/SDK/components/driver/pwrmgr/pwrmgr.o
 *fill*         0x1fff67d9        0x3 
 .bss.mCtx      0x1fff67dc       0x78 build_boot_ibsth2p_v15/SDK/components/driver/pwrmgr/pwrmgr.o
 .bss.m_uartCtx
                0x1fff6854       0x40 build_boot_ibsth2p_v15/SDK/components/driver/uart/uart.o
 .bss.deviceName
                0x1fff6894       0x16 build_boot_ibsth2p_v15/SDK/components/profiles/Roles/gapgattserver.o
 *fill*         0x1fff68aa        0x2 
 .bss.ggs_AppCBs
                0x1fff68ac        0x4 build_boot_ibsth2p_v15/SDK/components/profiles/Roles/gapgattserver.o
 .bss.s_GATTServCB
                0x1fff68b0        0x4 build_boot_ibsth2p_v15/SDK/components/profiles/GATT/gattservapp.o
 .bss.indCharCfg
                0x1fff68b4        0x8 build_boot_ibsth2p_v15/SDK/components/profiles/GATT/gattservapp.o
 .bss.rsp       0x1fff68bc       0xf4 build_boot_ibsth2p_v15/SDK/components/profiles/GATT/gattservapp.o
 .bss.attrValue
                0x1fff69b0       0xef build_boot_ibsth2p_v15/SDK/components/profiles/GATT/gattservapp.o
 *fill*         0x1fff6a9f        0x1 
 .bss.attrLen   0x1fff6aa0        0x2 build_boot_ibsth2p_v15/SDK/components/profiles/GATT/gattservapp.o
 *fill*         0x1fff6aa2        0x2 
 .bss.serviceCBsList
                0x1fff6aa4        0x4 build_boot_ibsth2p_v15/SDK/components/profiles/GATT/gattservapp.o
 .bss.prepareQueue
                0x1fff6aa8       0xf2 build_boot_ibsth2p_v15/SDK/components/profiles/GATT/gattservapp.o
 .bss.maxNumPrepareWrites
                0x1fff6b9a        0x1 build_boot_ibsth2p_v15/SDK/components/profiles/GATT/gattservapp.o
 *fill*         0x1fff6b9b        0x1 
 .bss.prepareWritesTbl
                0x1fff6b9c        0x8 build_boot_ibsth2p_v15/SDK/components/profiles/GATT/gattservapp.o
 .bss.GATTServApp_TaskID
                0x1fff6ba4        0x1 build_boot_ibsth2p_v15/SDK/components/profiles/GATT/gattservapp.o
                0x1fff6ba4                GATTServApp_TaskID
 *fill*         0x1fff6ba5        0x3 
 .bss.trap_c_callback
                0x1fff6ba8        0x4 build_boot_ibsth2p_v15/SDK/misc/jump_table.o
                0x1fff6ba8                trap_c_callback
 *(.gnu.linkonce.b.*)
 *(COMMON)
                0x1fff6bac                        . = ALIGN (0x4)
                0x1fff6bac                        _ebss = ABSOLUTE (.)

.irq_stack      0x1fff6bb0      0x400
 *(g_irqstack_base)
 .irq_stack     0x1fff6bb0      0x400 build_boot_ibsth2p_v15/SDK/misc/CMSIS/device/phyplus/phy6222_start.o
                0x1fff6bb0                g_irqstack_base
                0x1fff6fb0                g_irqstack_top
                0x20000000                        g_stack = (ORIGIN (sram) + LENGTH (sram))

.xip            0x11003000     0x9050
                0x11003000                        _stext = ABSOLUTE (.)
 *.o(_func_xip_code_)
 *.o(_section_xip_code_)
 _section_xip_code_
                0x11003000      0x164 build_boot_ibsth2p_v15/source/sensors.o
                0x11003000                init_cht83xx_sensor
                0x110030f0                power_off_sensor
                0x11003154                init_sensor
 _section_xip_code_
                0x11003164      0x34c build_boot_ibsth2p_v15/source/flash_eep.o
                0x1100326c                flash_write_cfg
                0x110033ec                flash_read_cfg
                0x11003440                flash_supported_eep_ver
 _section_xip_code_
                0x110034b0      0x304 build_boot_ibsth2p_v15/SDK/lib/rf/patch.o
                0x110034b0                init_config
 _section_xip_code_
                0x110037b4       0x4c build_boot_ibsth2p_v15/SDK/components/driver/clock/clock.o
                0x110037b4                hal_rfPhyFreqOff_Set
                0x110037d8                hal_xtal16m_cap_Set
 *(.text .text.*)
 .text.diag_mark_ext
                0x11003800        0x2 build_boot_ibsth2p_v15/source/main.o
                0x11003800                diag_mark_ext
 .text.diag_hex32_ext
                0x11003802        0x2 build_boot_ibsth2p_v15/source/main.o
                0x11003802                diag_hex32_ext
 .text.diag_dump_bytes_ext
                0x11003804        0x2 build_boot_ibsth2p_v15/source/main.o
                0x11003804                diag_dump_bytes_ext
 *fill*         0x11003806        0x2 
 .text.startup.main
                0x11003808      0x18c build_boot_ibsth2p_v15/source/main.o
                0x11003808                main
 .text.hal_adc_init
                0x11003994        0xe build_boot_ibsth2p_v15/source/battery.o
                0x11003994                hal_adc_init
 *fill*         0x110039a2        0x2 
 .text.batt_start_measure
                0x110039a4      0x110 build_boot_ibsth2p_v15/source/battery.o
                0x110039a4                batt_start_measure
 .text.low_vbat
                0x11003ab4       0x10 build_boot_ibsth2p_v15/source/battery.o
                0x11003ab4                low_vbat
 .text.check_battery
                0x11003ac4       0x78 build_boot_ibsth2p_v15/source/battery.o
                0x11003ac4                check_battery
 .text.battReadAttrCB
                0x11003b3c       0x34 build_boot_ibsth2p_v15/source/battservice.o
 .text.battWriteAttrCB
                0x11003b70       0x50 build_boot_ibsth2p_v15/source/battservice.o
 .text.battNotifyCB
                0x11003bc0       0x44 build_boot_ibsth2p_v15/source/battservice.o
 .text.Batt_AddService
                0x11003c04       0x28 build_boot_ibsth2p_v15/source/battservice.o
                0x11003c04                Batt_AddService
 .text.BattNotifyLevel
                0x11003c2c       0x10 build_boot_ibsth2p_v15/source/battservice.o
                0x11003c2c                BattNotifyLevel
 .text.adv_set_data
                0x11003c3c       0x38 build_boot_ibsth2p_v15/source/bthome_beacon.o
                0x11003c3c                adv_set_data
 .text.bthome_data_beacon
                0x11003c74       0x3c build_boot_ibsth2p_v15/source/bthome_beacon.o
                0x11003c74                bthome_data_beacon
 .text.osalInitTasks
                0x11003cb0       0x58 build_boot_ibsth2p_v15/source/osal_peripheral.o
                0x11003cb0                osalInitTasks
 .text.app_main
                0x11003d08        0xe build_boot_ibsth2p_v15/source/peripheral_main.o
                0x11003d08                app_main
 *fill*         0x11003d16        0x2 
 .text.simpleProfile_HandleConnStatusCB
                0x11003d18       0x30 build_boot_ibsth2p_v15/source/sbp_profile.o
 .text.simpleProfile_ReadAttrCB
                0x11003d48       0x70 build_boot_ibsth2p_v15/source/sbp_profile.o
 .text.SimpleProfile_AddService
                0x11003db8       0x38 build_boot_ibsth2p_v15/source/sbp_profile.o
                0x11003db8                SimpleProfile_AddService
 .text.new_cmd_data
                0x11003df0       0x40 build_boot_ibsth2p_v15/source/sbp_profile.o
                0x11003df0                new_cmd_data
 .text.new_ota_data
                0x11003e30       0x40 build_boot_ibsth2p_v15/source/sbp_profile.o
                0x11003e30                new_ota_data
 .text.simpleProfile_WriteAttrCB
                0x11003e70       0xbc build_boot_ibsth2p_v15/source/sbp_profile.o
 .text.make_measure_msg
                0x11003f2c       0x30 build_boot_ibsth2p_v15/source/sbp_profile.o
                0x11003f2c                make_measure_msg
 .text.measureNotifyCB
                0x11003f5c       0x44 build_boot_ibsth2p_v15/source/sbp_profile.o
 .text.measure_notify
                0x11003fa0       0x10 build_boot_ibsth2p_v15/source/sbp_profile.o
                0x11003fa0                measure_notify
 .text.devInfo_ReadAttrCB
                0x11003fb0       0xdc build_boot_ibsth2p_v15/source/devinfoservice.o
 .text.DevInfo_AddService
                0x1100408c       0x18 build_boot_ibsth2p_v15/source/devinfoservice.o
                0x1100408c                DevInfo_AddService
 .text.read_sensor_cht8305
                0x110040a4       0x48 build_boot_ibsth2p_v15/source/sensors.o
                0x110040a4                read_sensor_cht8305
 .text.read_sensor_cht832x
                0x110040ec       0x54 build_boot_ibsth2p_v15/source/sensors.o
                0x110040ec                read_sensor_cht832x
 .text.read_sensor_cht821x
                0x11004140       0x64 build_boot_ibsth2p_v15/source/sensors.o
                0x11004140                read_sensor_cht821x
 .text.read_sensors
                0x110041a4       0x18 build_boot_ibsth2p_v15/source/sensors.o
                0x110041a4                read_sensors
 .text.start_measure
                0x110041bc        0x8 build_boot_ibsth2p_v15/source/sensors.o
                0x110041bc                start_measure
 .text.i2c_wait_send
                0x110041c4       0x24 build_boot_ibsth2p_v15/source/dev_i2c.o
 .text.init_i2c
                0x110041e8       0x7c build_boot_ibsth2p_v15/source/dev_i2c.o
                0x110041e8                init_i2c
 .text.deinit_i2c
                0x11004264       0x26 build_boot_ibsth2p_v15/source/dev_i2c.o
                0x11004264                deinit_i2c
 *fill*         0x1100428a        0x2 
 .text.read_i2c_bytes
                0x1100428c       0x5c build_boot_ibsth2p_v15/source/dev_i2c.o
                0x1100428c                read_i2c_bytes
 .text.read_i2c_nabuf
                0x110042e8       0x54 build_boot_ibsth2p_v15/source/dev_i2c.o
                0x110042e8                read_i2c_nabuf
 .text.send_i2c_byte
                0x1100433c       0x22 build_boot_ibsth2p_v15/source/dev_i2c.o
                0x1100433c                send_i2c_byte
 .text.send_i2c_wreg
                0x1100435e       0x3c build_boot_ibsth2p_v15/source/dev_i2c.o
                0x1100435e                send_i2c_wreg
 .text.send_i2c_wcmd
                0x1100439a       0x30 build_boot_ibsth2p_v15/source/dev_i2c.o
                0x1100439a                send_i2c_wcmd
 *fill*         0x110043ca        0x2 
 .text.restore_utc_time_sec
                0x110043cc       0x30 build_boot_ibsth2p_v15/source/config.o
                0x110043cc                restore_utc_time_sec
 .text.get_utc_time_sec
                0x110043fc       0x80 build_boot_ibsth2p_v15/source/config.o
                0x110043fc                get_utc_time_sec
 .text.test_config
                0x1100447c       0x8c build_boot_ibsth2p_v15/source/config.o
                0x1100447c                test_config
 .text.load_eep_config
                0x11004508       0x64 build_boot_ibsth2p_v15/source/config.o
                0x11004508                load_eep_config
 .text.save_config
                0x1100456c       0x18 build_boot_ibsth2p_v15/source/config.o
                0x1100456c                save_config
 .text.write_fix_mac
                0x11004584       0x88 build_boot_ibsth2p_v15/source/cmd_parser.o
 .text.ucap_callback
                0x1100460c       0xc8 build_boot_ibsth2p_v15/source/cmd_parser.o
 .text.ucap_init
                0x110046d4       0x8c build_boot_ibsth2p_v15/source/cmd_parser.o
                0x110046d4                ucap_init
 .text.ucap_start_grab
                0x11004760       0x2c build_boot_ibsth2p_v15/source/cmd_parser.o
                0x11004760                ucap_start_grab
 .text.ucap_update_measured_data
                0x1100478c       0x5c build_boot_ibsth2p_v15/source/cmd_parser.o
                0x1100478c                ucap_update_measured_data
 .text.fix_mac  0x110047e8       0x88 build_boot_ibsth2p_v15/source/cmd_parser.o
                0x110047e8                fix_mac
 .text.cmd_parser
                0x11004870      0x444 build_boot_ibsth2p_v15/source/cmd_parser.o
                0x11004870                cmd_parser
 .text.peripheralStateReadRssiCB
                0x11004cb4        0x2 build_boot_ibsth2p_v15/source/thb2_main.o
 *fill*         0x11004cb6        0x2 
 .text.set_new_adv_interval
                0x11004cb8       0x38 build_boot_ibsth2p_v15/source/thb2_main.o
 .text.peripheralStateNotificationCB
                0x11004cf0       0xc0 build_boot_ibsth2p_v15/source/thb2_main.o
 .text.posedge_int_wakeup_cb
                0x11004db0       0x1c build_boot_ibsth2p_v15/source/thb2_main.o
 .text.negedge_int_wakeup_cb
                0x11004dcc       0x1c build_boot_ibsth2p_v15/source/thb2_main.o
 .text.str_bin2hex
                0x11004de8       0x34 build_boot_ibsth2p_v15/source/thb2_main.o
                0x11004de8                str_bin2hex
 .text.set_def_name
                0x11004e1c       0x70 build_boot_ibsth2p_v15/source/thb2_main.o
                0x11004e1c                set_def_name
 .text.set_dev_name
                0x11004e8c       0x60 build_boot_ibsth2p_v15/source/thb2_main.o
                0x11004e8c                set_dev_name
 .text.gatrole_advert_enable
                0x11004eec       0x54 build_boot_ibsth2p_v15/source/thb2_main.o
                0x11004eec                gatrole_advert_enable
 .text.SimpleBLEPeripheral_Init
                0x11004f40      0x190 build_boot_ibsth2p_v15/source/thb2_main.o
                0x11004f40                SimpleBLEPeripheral_Init
 .text.BLEPeripheral_ProcessEvent
                0x110050d0      0x1d4 build_boot_ibsth2p_v15/source/thb2_main.o
                0x110050d0                BLEPeripheral_ProcessEvent
 .text.gapRole_ProcessGAPMsg
                0x110052a4      0x258 build_boot_ibsth2p_v15/source/thb2_peripheral.o
 .text.gapRole_startConnUpdate
                0x110054fc       0x94 build_boot_ibsth2p_v15/source/thb2_peripheral.o
 .text.GAPRole_StartDevice
                0x11005590       0x50 build_boot_ibsth2p_v15/source/thb2_peripheral.o
                0x11005590                GAPRole_StartDevice
 .text.GAPRole_TerminateConnection
                0x110055e0       0x28 build_boot_ibsth2p_v15/source/thb2_peripheral.o
                0x110055e0                GAPRole_TerminateConnection
 .text.GAPRole_Init
                0x11005608       0x78 build_boot_ibsth2p_v15/source/thb2_peripheral.o
                0x11005608                GAPRole_Init
 .text.gapRole_ProcessDirectGAPMsg
                0x11005680        0x8 build_boot_ibsth2p_v15/source/thb2_peripheral.o
                0x11005680                gapRole_ProcessDirectGAPMsg
 .text.GAPRole_SendUpdateParam
                0x11005688       0x80 build_boot_ibsth2p_v15/source/thb2_peripheral.o
                0x11005688                GAPRole_SendUpdateParam
 .text.GAPRole_ProcessEvent
                0x11005708      0x1b4 build_boot_ibsth2p_v15/source/thb2_peripheral.o
                0x11005708                GAPRole_ProcessEvent
 .text.thReadAttrCB
                0x110058bc       0x54 build_boot_ibsth2p_v15/source/thservice.o
 .text.thWriteAttrCB
                0x11005910       0x50 build_boot_ibsth2p_v15/source/thservice.o
 .text.thNotifyCB
                0x11005960       0x74 build_boot_ibsth2p_v15/source/thservice.o
 .text.TH_AddService
                0x110059d4       0x34 build_boot_ibsth2p_v15/source/thservice.o
                0x110059d4                TH_AddService
 .text.TH_NotifyLevel
                0x11005a08       0x10 build_boot_ibsth2p_v15/source/thservice.o
                0x11005a08                TH_NotifyLevel
 .text.crc16    0x11005a18       0x38 build_boot_ibsth2p_v15/source/ble_ota.o
                0x11005a18                crc16
 .text.crc32_half_cal
                0x11005a50       0x1e build_boot_ibsth2p_v15/source/ble_ota.o
                0x11005a50                crc32_half_cal
 *fill*         0x11005a6e        0x2 
 .text.get_crc32_16bytes
                0x11005a70       0x34 build_boot_ibsth2p_v15/source/ble_ota.o
                0x11005a70                get_crc32_16bytes
 .text.ota_parser
                0x11005aa4      0x294 build_boot_ibsth2p_v15/source/ble_ota.o
                0x11005aa4                ota_parser
 .text.ATT_ErrorRsp
                0x11005d38       0x14 build_boot_ibsth2p_v15/SDK/lib/ble_host/att_server.o
                0x11005d38                ATT_ErrorRsp
 .text.ATT_ExchangeMTURsp
                0x11005d4c       0x40 build_boot_ibsth2p_v15/SDK/lib/ble_host/att_server.o
                0x11005d4c                ATT_ExchangeMTURsp
 .text.ATT_FindInfoRsp
                0x11005d8c       0x28 build_boot_ibsth2p_v15/SDK/lib/ble_host/att_server.o
                0x11005d8c                ATT_FindInfoRsp
 .text.ATT_FindByTypeValueRsp
                0x11005db4       0x20 build_boot_ibsth2p_v15/SDK/lib/ble_host/att_server.o
                0x11005db4                ATT_FindByTypeValueRsp
 .text.ATT_ReadByTypeRsp
                0x11005dd4       0x20 build_boot_ibsth2p_v15/SDK/lib/ble_host/att_server.o
                0x11005dd4                ATT_ReadByTypeRsp
 .text.ATT_ReadRsp
                0x11005df4       0x14 build_boot_ibsth2p_v15/SDK/lib/ble_host/att_server.o
                0x11005df4                ATT_ReadRsp
 .text.ATT_ReadBlobRsp
                0x11005e08       0x14 build_boot_ibsth2p_v15/SDK/lib/ble_host/att_server.o
                0x11005e08                ATT_ReadBlobRsp
 .text.ATT_ReadMultiRsp
                0x11005e1c       0x14 build_boot_ibsth2p_v15/SDK/lib/ble_host/att_server.o
                0x11005e1c                ATT_ReadMultiRsp
 .text.ATT_ReadByGrpTypeRsp
                0x11005e30       0x20 build_boot_ibsth2p_v15/SDK/lib/ble_host/att_server.o
                0x11005e30                ATT_ReadByGrpTypeRsp
 .text.ATT_WriteRsp
                0x11005e50        0xe build_boot_ibsth2p_v15/SDK/lib/ble_host/att_server.o
                0x11005e50                ATT_WriteRsp
 *fill*         0x11005e5e        0x2 
 .text.ATT_PrepareWriteRsp
                0x11005e60       0x14 build_boot_ibsth2p_v15/SDK/lib/ble_host/att_server.o
                0x11005e60                ATT_PrepareWriteRsp
 .text.ATT_ExecuteWriteRsp
                0x11005e74        0xe build_boot_ibsth2p_v15/SDK/lib/ble_host/att_server.o
                0x11005e74                ATT_ExecuteWriteRsp
 *fill*         0x11005e82        0x2 
 .text.ATT_HandleValueNoti
                0x11005e84       0x14 build_boot_ibsth2p_v15/SDK/lib/ble_host/att_server.o
                0x11005e84                ATT_HandleValueNoti
 .text.ATT_ParsePacket
                0x11005e98       0x60 build_boot_ibsth2p_v15/SDK/lib/ble_host/att_util.o
                0x11005e98                ATT_ParsePacket
 .text.ATT_BuildErrorRsp
                0x11005ef8       0x16 build_boot_ibsth2p_v15/SDK/lib/ble_host/att_util.o
                0x11005ef8                ATT_BuildErrorRsp
 .text.ATT_ParseExchangeMTUReq
                0x11005f0e       0x16 build_boot_ibsth2p_v15/SDK/lib/ble_host/att_util.o
                0x11005f0e                ATT_ParseExchangeMTUReq
 .text.ATT_BuildExchangeMTURsp
                0x11005f24        0xe build_boot_ibsth2p_v15/SDK/lib/ble_host/att_util.o
                0x11005f24                ATT_BuildExchangeMTURsp
 .text.ATT_ParseFindInfoReq
                0x11005f32       0x20 build_boot_ibsth2p_v15/SDK/lib/ble_host/att_util.o
                0x11005f32                ATT_ParseFindInfoReq
 .text.ATT_BuildFindInfoRsp
                0x11005f52       0x64 build_boot_ibsth2p_v15/SDK/lib/ble_host/att_util.o
                0x11005f52                ATT_BuildFindInfoRsp
 .text.ATT_ParseFindByTypeValueReq
                0x11005fb6       0x48 build_boot_ibsth2p_v15/SDK/lib/ble_host/att_util.o
                0x11005fb6                ATT_ParseFindByTypeValueReq
 .text.ATT_BuildFindByTypeValueRsp
                0x11005ffe       0x2e build_boot_ibsth2p_v15/SDK/lib/ble_host/att_util.o
                0x11005ffe                ATT_BuildFindByTypeValueRsp
 .text.ATT_ParseReadByTypeReq
                0x1100602c       0x38 build_boot_ibsth2p_v15/SDK/lib/ble_host/att_util.o
                0x1100602c                ATT_ParseReadByTypeReq
 .text.ATT_BuildReadByTypeRsp
                0x11006064       0x1a build_boot_ibsth2p_v15/SDK/lib/ble_host/att_util.o
                0x11006064                ATT_BuildReadByTypeRsp
 .text.ATT_ParseReadReq
                0x1100607e       0x16 build_boot_ibsth2p_v15/SDK/lib/ble_host/att_util.o
                0x1100607e                ATT_ParseReadReq
 .text.ATT_BuildReadRsp
                0x11006094       0x10 build_boot_ibsth2p_v15/SDK/lib/ble_host/att_util.o
                0x11006094                ATT_BuildReadRsp
 .text.ATT_ParseWriteReq
                0x110060a4       0x42 build_boot_ibsth2p_v15/SDK/lib/ble_host/att_util.o
                0x110060a4                ATT_ParseWriteReq
 .text.ATT_ParseReadBlobReq
                0x110060e6       0x20 build_boot_ibsth2p_v15/SDK/lib/ble_host/att_util.o
                0x110060e6                ATT_ParseReadBlobReq
 .text.ATT_BuildReadBlobRsp
                0x11006106       0x10 build_boot_ibsth2p_v15/SDK/lib/ble_host/att_util.o
                0x11006106                ATT_BuildReadBlobRsp
 *fill*         0x11006116        0x2 
 .text.ATT_ParseReadMultiReq
                0x11006118       0x48 build_boot_ibsth2p_v15/SDK/lib/ble_host/att_util.o
                0x11006118                ATT_ParseReadMultiReq
 .text.ATT_BuildReadMultiRsp
                0x11006160       0x10 build_boot_ibsth2p_v15/SDK/lib/ble_host/att_util.o
                0x11006160                ATT_BuildReadMultiRsp
 .text.ATT_BuildReadByGrpTypeRsp
                0x11006170       0x1a build_boot_ibsth2p_v15/SDK/lib/ble_host/att_util.o
                0x11006170                ATT_BuildReadByGrpTypeRsp
 .text.ATT_ParsePrepareWriteReq
                0x1100618a       0x38 build_boot_ibsth2p_v15/SDK/lib/ble_host/att_util.o
                0x1100618a                ATT_ParsePrepareWriteReq
 .text.ATT_BuildPrepareWriteRsp
                0x110061c2       0x2a build_boot_ibsth2p_v15/SDK/lib/ble_host/att_util.o
                0x110061c2                ATT_BuildPrepareWriteRsp
 .text.ATT_ParseExecuteWriteReq
                0x110061ec       0x10 build_boot_ibsth2p_v15/SDK/lib/ble_host/att_util.o
                0x110061ec                ATT_ParseExecuteWriteReq
 .text.ATT_BuildHandleValueInd
                0x110061fc       0x20 build_boot_ibsth2p_v15/SDK/lib/ble_host/att_util.o
                0x110061fc                ATT_BuildHandleValueInd
 .text.attSendMsg
                0x1100621c       0x80 build_boot_ibsth2p_v15/SDK/lib/ble_host/att_util.o
                0x1100621c                attSendMsg
 .text.ATT_ConvertUUIDto128
                0x1100629c       0x2c build_boot_ibsth2p_v15/SDK/lib/ble_host/att_util.o
                0x1100629c                ATT_ConvertUUIDto128
 .text.ATT_CompareUUID
                0x110062c8       0x58 build_boot_ibsth2p_v15/SDK/lib/ble_host/att_util.o
                0x110062c8                ATT_CompareUUID
 .text.ATT_SetMTUSizeMax
                0x11006320       0x38 build_boot_ibsth2p_v15/SDK/lib/ble_host/att_util.o
                0x11006320                ATT_SetMTUSizeMax
 .text.ATT_UpdateMtuSize
                0x11006358       0x18 build_boot_ibsth2p_v15/SDK/lib/ble_host/att_util.o
                0x11006358                ATT_UpdateMtuSize
 .text.ATT_GetCurrentMTUSize
                0x11006370        0xc build_boot_ibsth2p_v15/SDK/lib/ble_host/att_util.o
                0x11006370                ATT_GetCurrentMTUSize
 .text.ATT_InitMtuSize
                0x1100637c        0xc build_boot_ibsth2p_v15/SDK/lib/ble_host/att_util.o
                0x1100637c                ATT_InitMtuSize
 .text.gapSendDeviceInitDoneEvent
                0x11006388       0x8c build_boot_ibsth2p_v15/SDK/lib/ble_host/gap_configmgr.o
 .text.GAP_GetParamValue
                0x11006414       0x18 build_boot_ibsth2p_v15/SDK/lib/ble_host/gap_configmgr.o
                0x11006414                GAP_GetParamValue
 .text.GAP_ParamsInit
                0x1100642c       0x74 build_boot_ibsth2p_v15/SDK/lib/ble_host/gap_configmgr.o
                0x1100642c                GAP_ParamsInit
 .text.GAP_SecParamsInit
                0x110064a0       0x40 build_boot_ibsth2p_v15/SDK/lib/ble_host/gap_configmgr.o
                0x110064a0                GAP_SecParamsInit
 .text.gapReadBD_ADDRStatus
                0x110064e0       0x44 build_boot_ibsth2p_v15/SDK/lib/ble_host/gap_configmgr.o
                0x110064e0                gapReadBD_ADDRStatus
 .text.gapReadBufSizeCmdStatus
                0x11006524       0x38 build_boot_ibsth2p_v15/SDK/lib/ble_host/gap_configmgr.o
                0x11006524                gapReadBufSizeCmdStatus
 .text.gapAddAddrAdj
                0x1100655c       0x2c build_boot_ibsth2p_v15/SDK/lib/ble_host/gap_configmgr.o
                0x1100655c                gapAddAddrAdj
 .text.gapProcessNewAddr
                0x11006588       0x30 build_boot_ibsth2p_v15/SDK/lib/ble_host/gap_configmgr.o
                0x11006588                gapProcessNewAddr
 .text.gapDetermineAddrType
                0x110065b8       0x1c build_boot_ibsth2p_v15/SDK/lib/ble_host/gap_configmgr.o
                0x110065b8                gapDetermineAddrType
 .text.gapProcessRandomAddrComplete
                0x110065d4       0x7c build_boot_ibsth2p_v15/SDK/lib/ble_host/gap_configmgr.o
                0x110065d4                gapProcessRandomAddrComplete
 .text.gapGetSRK
                0x11006650        0xc build_boot_ibsth2p_v15/SDK/lib/ble_host/gap_configmgr.o
                0x11006650                gapGetSRK
 .text.gapGetSignCounter
                0x1100665c        0xc build_boot_ibsth2p_v15/SDK/lib/ble_host/gap_configmgr.o
                0x1100665c                gapGetSignCounter
 .text.gapIncSignCounter
                0x11006668       0x28 build_boot_ibsth2p_v15/SDK/lib/ble_host/gap_configmgr.o
                0x11006668                gapIncSignCounter
 .text.gapUpdateConnSignCounter
                0x11006690       0x4c build_boot_ibsth2p_v15/SDK/lib/ble_host/gap_configmgr.o
                0x11006690                gapUpdateConnSignCounter
 .text.gapGetDevAddressMode
                0x110066dc        0xc build_boot_ibsth2p_v15/SDK/lib/ble_host/gap_configmgr.o
                0x110066dc                gapGetDevAddressMode
 .text.gapGetDevAddress
                0x110066e8       0x24 build_boot_ibsth2p_v15/SDK/lib/ble_host/gap_configmgr.o
                0x110066e8                gapGetDevAddress
 .text.gapGetIRK
                0x1100670c        0xc build_boot_ibsth2p_v15/SDK/lib/ble_host/gap_configmgr.o
                0x1100670c                gapGetIRK
 .text.gapIsAdvertising
                0x11006718       0x10 build_boot_ibsth2p_v15/SDK/lib/ble_host/gap_devmgr.o
                0x11006718                gapIsAdvertising
 .text.gapValidADType
                0x11006728       0x14 build_boot_ibsth2p_v15/SDK/lib/ble_host/gap_devmgr.o
                0x11006728                gapValidADType
 .text.gapFindADType
                0x1100673c       0x58 build_boot_ibsth2p_v15/SDK/lib/ble_host/gap_devmgr.o
                0x1100673c                gapFindADType
 .text.disconnectNext
                0x11006794       0x1a build_boot_ibsth2p_v15/SDK/lib/ble_host/gap_linkmgr.o
 *fill*         0x110067ae        0x2 
 .text.gapFreeAuthLink
                0x110067b0       0x40 build_boot_ibsth2p_v15/SDK/lib/ble_host/gap_linkmgr.o
 .text.GAP_TerminateLinkReq
                0x110067f0       0x88 build_boot_ibsth2p_v15/SDK/lib/ble_host/gap_linkmgr.o
                0x110067f0                GAP_TerminateLinkReq
 .text.gapProcessDisconnectCompleteEvt
                0x11006878       0x98 build_boot_ibsth2p_v15/SDK/lib/ble_host/gap_linkmgr.o
                0x11006878                gapProcessDisconnectCompleteEvt
 .text.sendEstLinkEvent
                0x11006910       0x74 build_boot_ibsth2p_v15/SDK/lib/ble_host/gap_linkmgr.o
                0x11006910                sendEstLinkEvent
 .text.gapSendLinkUpdateEvent
                0x11006984       0x50 build_boot_ibsth2p_v15/SDK/lib/ble_host/gap_linkmgr.o
                0x11006984                gapSendLinkUpdateEvent
 .text.gapProcessConnUpdateCompleteEvt
                0x110069d4       0x16 build_boot_ibsth2p_v15/SDK/lib/ble_host/gap_linkmgr.o
                0x110069d4                gapProcessConnUpdateCompleteEvt
 *fill*         0x110069ea        0x2 
 .text.gapFreeEstLink
                0x110069ec       0x18 build_boot_ibsth2p_v15/SDK/lib/ble_host/gap_linkmgr.o
                0x110069ec                gapFreeEstLink
 .text.gapProcessConnectionCompleteEvt
                0x11006a04      0x104 build_boot_ibsth2p_v15/SDK/lib/ble_host/gap_linkmgr.o
                0x11006a04                gapProcessConnectionCompleteEvt
 .text.gapSendBondCompleteEvent
                0x11006b08       0x44 build_boot_ibsth2p_v15/SDK/lib/ble_host/gap_linkmgr.o
                0x11006b08                gapSendBondCompleteEvent
 .text.gapSendPairingReqEvent
                0x11006b4c       0x6c build_boot_ibsth2p_v15/SDK/lib/ble_host/gap_linkmgr.o
                0x11006b4c                gapSendPairingReqEvent
 .text.gapPasskeyNeededCB
                0x11006bb8       0x50 build_boot_ibsth2p_v15/SDK/lib/ble_host/gap_linkmgr.o
                0x11006bb8                gapPasskeyNeededCB
 .text.gapPairingCompleteCB
                0x11006c08      0x218 build_boot_ibsth2p_v15/SDK/lib/ble_host/gap_linkmgr.o
                0x11006c08                gapPairingCompleteCB
 .text.gapFreeAdvertState
                0x11006e20       0x24 build_boot_ibsth2p_v15/SDK/lib/ble_host/gap_peridevmgr.o
 .text.isLimitedDiscoverableMode
                0x11006e44       0x34 build_boot_ibsth2p_v15/SDK/lib/ble_host/gap_peridevmgr.o
 .text.gapSendMakeDiscEvent
                0x11006e78       0x48 build_boot_ibsth2p_v15/SDK/lib/ble_host/gap_peridevmgr.o
 .text.gapSetAdvParams
                0x11006ec0      0x110 build_boot_ibsth2p_v15/SDK/lib/ble_host/gap_peridevmgr.o
                0x11006ec0                gapSetAdvParams
 .text.GAP_MakeDiscoverable
                0x11006fd0       0xc4 build_boot_ibsth2p_v15/SDK/lib/ble_host/gap_peridevmgr.o
                0x11006fd0                GAP_MakeDiscoverable
 .text.GAP_UpdateAdvertisingData
                0x11007094       0x7c build_boot_ibsth2p_v15/SDK/lib/ble_host/gap_peridevmgr.o
                0x11007094                GAP_UpdateAdvertisingData
 .text.GAP_EndDiscoverable
                0x11007110       0x50 build_boot_ibsth2p_v15/SDK/lib/ble_host/gap_peridevmgr.o
                0x11007110                GAP_EndDiscoverable
 .text.gapProcessAdvertisingEvt
                0x11007160       0x88 build_boot_ibsth2p_v15/SDK/lib/ble_host/gap_peridevmgr.o
 .text.GAP_PeriDevMgrInit
                0x110071e8       0x84 build_boot_ibsth2p_v15/SDK/lib/ble_host/gap_peridevmgr.o
                0x110071e8                GAP_PeriDevMgrInit
 .text.gapSetAdvParamsStatus
                0x1100726c       0x54 build_boot_ibsth2p_v15/SDK/lib/ble_host/gap_peridevmgr.o
                0x1100726c                gapSetAdvParamsStatus
 .text.gapWriteAdvEnableStatus
                0x110072c0       0xe4 build_boot_ibsth2p_v15/SDK/lib/ble_host/gap_peridevmgr.o
                0x110072c0                gapWriteAdvEnableStatus
 .text.gapPeriProcessHCICmdCompleteEvt
                0x110073a4       0xe0 build_boot_ibsth2p_v15/SDK/lib/ble_host/gap_peridevmgr.o
 .text.GAP_RegisterForHCIMsgs
                0x11007484        0xc build_boot_ibsth2p_v15/SDK/lib/ble_host/gap_task.o
                0x11007484                GAP_RegisterForHCIMsgs
 .text.GAP_Init
                0x11007490       0x58 build_boot_ibsth2p_v15/SDK/lib/ble_host/gap_task.o
                0x11007490                GAP_Init
 .text.GAP_ProcessEvent
                0x110074e8      0x2dc build_boot_ibsth2p_v15/SDK/lib/ble_host/gap_task.o
                0x110074e8                GAP_ProcessEvent
 .text.GAP_NumActiveConnections
                0x110077c4        0x8 build_boot_ibsth2p_v15/SDK/lib/ble_host/gap_task.o
                0x110077c4                GAP_NumActiveConnections
 .text.gapRegisterPeripheral
                0x110077cc        0xc build_boot_ibsth2p_v15/SDK/lib/ble_host/gap_task.o
                0x110077cc                gapRegisterPeripheral
 .text.gattProcessExchangeMTUReq
                0x110077d8       0x18 build_boot_ibsth2p_v15/SDK/lib/ble_host/gatt_server.o
 .text.gattProcessExecuteWriteReq
                0x110077f0        0x4 build_boot_ibsth2p_v15/SDK/lib/ble_host/gatt_server.o
 .text.gattFindServerInfo
                0x110077f4       0x24 build_boot_ibsth2p_v15/SDK/lib/ble_host/gatt_server.o
 .text.gattServerProcessMsgCB
                0x11007818       0xdc build_boot_ibsth2p_v15/SDK/lib/ble_host/gatt_server.o
 .text.gattServerHandleConnStatusCB
                0x110078f4       0x80 build_boot_ibsth2p_v15/SDK/lib/ble_host/gatt_server.o
 .text.GATT_InitServer
                0x11007974       0x30 build_boot_ibsth2p_v15/SDK/lib/ble_host/gatt_server.o
                0x11007974                GATT_InitServer
 .text.GATT_RegisterService
                0x110079a4       0xbc build_boot_ibsth2p_v15/SDK/lib/ble_host/gatt_server.o
                0x110079a4                GATT_RegisterService
 .text.GATT_RegisterForReq
                0x11007a60        0xc build_boot_ibsth2p_v15/SDK/lib/ble_host/gatt_server.o
                0x11007a60                GATT_RegisterForReq
 .text.GATT_VerifyReadPermissions
                0x11007a6c       0x24 build_boot_ibsth2p_v15/SDK/lib/ble_host/gatt_server.o
                0x11007a6c                GATT_VerifyReadPermissions
 .text.GATT_VerifyWritePermissions
                0x11007a90       0x4a build_boot_ibsth2p_v15/SDK/lib/ble_host/gatt_server.o
                0x11007a90                GATT_VerifyWritePermissions
 *fill*         0x11007ada        0x2 
 .text.GATT_FindHandleUUID
                0x11007adc       0x6c build_boot_ibsth2p_v15/SDK/lib/ble_host/gatt_server.o
                0x11007adc                GATT_FindHandleUUID
 .text.gattProcessReadByGrpTypeReq
                0x11007b48       0x48 build_boot_ibsth2p_v15/SDK/lib/ble_host/gatt_server.o
 .text.gattProcessReadByTypeReq
                0x11007b90       0x2a build_boot_ibsth2p_v15/SDK/lib/ble_host/gatt_server.o
 .text.gattProcessFindByTypeValueReq
                0x11007bba       0x2a build_boot_ibsth2p_v15/SDK/lib/ble_host/gatt_server.o
 .text.gattProcessFindInfoReq
                0x11007be4       0xd0 build_boot_ibsth2p_v15/SDK/lib/ble_host/gatt_server.o
 .text.GATT_FindHandle
                0x11007cb4       0x44 build_boot_ibsth2p_v15/SDK/lib/ble_host/gatt_server.o
                0x11007cb4                GATT_FindHandle
 .text.gattProcessWriteReq
                0x11007cf8       0x22 build_boot_ibsth2p_v15/SDK/lib/ble_host/gatt_server.o
 .text.gattProcessReadMultiReq
                0x11007d1a       0x46 build_boot_ibsth2p_v15/SDK/lib/ble_host/gatt_server.o
 .text.gattProcessReadReq
                0x11007d60       0x1e build_boot_ibsth2p_v15/SDK/lib/ble_host/gatt_server.o
 *fill*         0x11007d7e        0x2 
 .text.GATT_ServiceNumAttrs
                0x11007d80       0x1c build_boot_ibsth2p_v15/SDK/lib/ble_host/gatt_server.o
                0x11007d80                GATT_ServiceNumAttrs
 .text.GATT_FindNextAttr
                0x11007d9c       0xa0 build_boot_ibsth2p_v15/SDK/lib/ble_host/gatt_server.o
                0x11007d9c                GATT_FindNextAttr
 .text.gattGetServerStatus
                0x11007e3c       0x28 build_boot_ibsth2p_v15/SDK/lib/ble_host/gatt_server.o
                0x11007e3c                gattGetServerStatus
 .text.GATT_Notification
                0x11007e64       0x30 build_boot_ibsth2p_v15/SDK/lib/ble_host/gatt_server.o
                0x11007e64                GATT_Notification
 .text.gattRegisterServer
                0x11007e94        0xc build_boot_ibsth2p_v15/SDK/lib/ble_host/gatt_task.o
                0x11007e94                gattRegisterServer
 .text.GATT_AppCompletedMsg
                0x11007ea0       0x38 build_boot_ibsth2p_v15/SDK/lib/ble_host/gatt_task.o
                0x11007ea0                GATT_AppCompletedMsg
 .text.GATT_Init
                0x11007ed8       0x1c build_boot_ibsth2p_v15/SDK/lib/ble_host/gatt_task.o
                0x11007ed8                GATT_Init
 .text.GATT_ProcessEvent
                0x11007ef4       0xc0 build_boot_ibsth2p_v15/SDK/lib/ble_host/gatt_task.o
                0x11007ef4                GATT_ProcessEvent
 .text.gattNotifyEvent
                0x11007fb4       0x48 build_boot_ibsth2p_v15/SDK/lib/ble_host/gatt_task.o
                0x11007fb4                gattNotifyEvent
 .text.gattStopTimer
                0x11007ffc       0x16 build_boot_ibsth2p_v15/SDK/lib/ble_host/gatt_task.o
                0x11007ffc                gattStopTimer
 *fill*         0x11008012        0x2 
 .text.L2CAP_RegisterApp
                0x11008014       0x20 build_boot_ibsth2p_v15/SDK/lib/ble_host/l2cap_if.o
                0x11008014                L2CAP_RegisterApp
 .text.L2CAP_SendData
                0x11008034       0x2a build_boot_ibsth2p_v15/SDK/lib/ble_host/l2cap_if.o
                0x11008034                L2CAP_SendData
 *fill*         0x1100805e        0x2 
 .text.L2CAP_CmdReject
                0x11008060       0x18 build_boot_ibsth2p_v15/SDK/lib/ble_host/l2cap_if.o
                0x11008060                L2CAP_CmdReject
 .text.L2CAP_ConnParamUpdateReq
                0x11008078       0x18 build_boot_ibsth2p_v15/SDK/lib/ble_host/l2cap_if.o
                0x11008078                L2CAP_ConnParamUpdateReq
 .text.L2CAP_HostNumCompletedPkts
                0x11008090       0x20 build_boot_ibsth2p_v15/SDK/lib/ble_host/l2cap_if.o
                0x11008090                L2CAP_HostNumCompletedPkts
 .text.L2CAP_Init
                0x110080b0       0x40 build_boot_ibsth2p_v15/SDK/lib/ble_host/l2cap_task.o
                0x110080b0                L2CAP_Init
 .text.L2CAP_ProcessEvent
                0x110080f0      0x198 build_boot_ibsth2p_v15/SDK/lib/ble_host/l2cap_task.o
                0x110080f0                L2CAP_ProcessEvent
 .text.l2capParseSignalHdr
                0x11008288       0x14 build_boot_ibsth2p_v15/SDK/lib/ble_host/l2cap_util.o
                0x11008288                l2capParseSignalHdr
 .text.L2CAP_BuildCmdReject
                0x1100829c       0x3e build_boot_ibsth2p_v15/SDK/lib/ble_host/l2cap_util.o
                0x1100829c                L2CAP_BuildCmdReject
 .text.l2capParseCmdReject
                0x110082da       0x40 build_boot_ibsth2p_v15/SDK/lib/ble_host/l2cap_util.o
                0x110082da                l2capParseCmdReject
 .text.l2capBuildParamUpdateReq
                0x1100831a       0x2c build_boot_ibsth2p_v15/SDK/lib/ble_host/l2cap_util.o
                0x1100831a                l2capBuildParamUpdateReq
 .text.L2CAP_ParseParamUpdateReq
                0x11008346       0x34 build_boot_ibsth2p_v15/SDK/lib/ble_host/l2cap_util.o
                0x11008346                L2CAP_ParseParamUpdateReq
 .text.l2capParseParamUpdateRsp
                0x1100837a       0x18 build_boot_ibsth2p_v15/SDK/lib/ble_host/l2cap_util.o
                0x1100837a                l2capParseParamUpdateRsp
 .text.l2capNotifyData
                0x11008392       0x3c build_boot_ibsth2p_v15/SDK/lib/ble_host/l2cap_util.o
                0x11008392                l2capNotifyData
 .text.l2capNotifySignal
                0x110083ce       0x48 build_boot_ibsth2p_v15/SDK/lib/ble_host/l2cap_util.o
                0x110083ce                l2capNotifySignal
 .text.l2capHandleTimerCB
                0x11008416       0x28 build_boot_ibsth2p_v15/SDK/lib/ble_host/l2cap_util.o
 *fill*         0x1100843e        0x2 
 .text.l2capAllocChannel
                0x11008440       0x38 build_boot_ibsth2p_v15/SDK/lib/ble_host/l2cap_util.o
                0x11008440                l2capAllocChannel
 .text.l2capFreeChannel
                0x11008478        0x8 build_boot_ibsth2p_v15/SDK/lib/ble_host/l2cap_util.o
                0x11008478                l2capFreeChannel
 .text.l2capFindLocalId
                0x11008480       0x2c build_boot_ibsth2p_v15/SDK/lib/ble_host/l2cap_util.o
                0x11008480                l2capFindLocalId
 .text.l2capStopTimer
                0x110084ac       0x10 build_boot_ibsth2p_v15/SDK/lib/ble_host/l2cap_util.o
                0x110084ac                l2capStopTimer
 .text.l2capHandleRxError
                0x110084bc        0x2 build_boot_ibsth2p_v15/SDK/lib/ble_host/l2cap_util.o
                0x110084bc                l2capHandleRxError
 .text.L2CAP_bm_alloc
                0x110084be       0x18 build_boot_ibsth2p_v15/SDK/lib/ble_host/l2cap_util.o
                0x110084be                L2CAP_bm_alloc
 *fill*         0x110084d6        0x2 
 .text.l2capSarBufReset
                0x110084d8       0x54 build_boot_ibsth2p_v15/SDK/lib/ble_host/l2cap_util.o
                0x110084d8                l2capSarBufReset
 .text.L2CAP_ReassemblePkt_Reset
                0x1100852c       0x20 build_boot_ibsth2p_v15/SDK/lib/ble_host/l2cap_util.o
                0x1100852c                L2CAP_ReassemblePkt_Reset
 .text.l2capParsePacket
                0x1100854c      0x194 build_boot_ibsth2p_v15/SDK/lib/ble_host/l2cap_util.o
                0x1100854c                l2capParsePacket
 .text.L2CAP_SegmentPkt_Reset
                0x110086e0       0x3c build_boot_ibsth2p_v15/SDK/lib/ble_host/l2cap_util.o
                0x110086e0                L2CAP_SegmentPkt_Reset
 .text.l2capPktToSegmentBuff
                0x1100871c       0xfc build_boot_ibsth2p_v15/SDK/lib/ble_host/l2cap_util.o
                0x1100871c                l2capPktToSegmentBuff
 .text.l2capEncapSendData
                0x11008818       0xb0 build_boot_ibsth2p_v15/SDK/lib/ble_host/l2cap_util.o
                0x11008818                l2capEncapSendData
 .text.l2capSendCmd
                0x110088c8       0x50 build_boot_ibsth2p_v15/SDK/lib/ble_host/l2cap_util.o
                0x110088c8                l2capSendCmd
 .text.l2capSendReq
                0x11008918       0x80 build_boot_ibsth2p_v15/SDK/lib/ble_host/l2cap_util.o
                0x11008918                l2capSendReq
 .text.reportStatusChange
                0x11008998       0x28 build_boot_ibsth2p_v15/SDK/lib/ble_host/linkdb.o
 .text.linkDB_Init
                0x110089c0       0x24 build_boot_ibsth2p_v15/SDK/lib/ble_host/linkdb.o
                0x110089c0                linkDB_Init
 .text.linkDB_Register
                0x110089e4       0x24 build_boot_ibsth2p_v15/SDK/lib/ble_host/linkdb.o
                0x110089e4                linkDB_Register
 .text.linkDB_Find
                0x11008a08       0x14 build_boot_ibsth2p_v15/SDK/lib/ble_host/linkdb.o
                0x11008a08                linkDB_Find
 .text.linkDB_Add
                0x11008a1c       0x64 build_boot_ibsth2p_v15/SDK/lib/ble_host/linkdb.o
                0x11008a1c                linkDB_Add
 .text.linkDB_Remove
                0x11008a80       0x36 build_boot_ibsth2p_v15/SDK/lib/ble_host/linkdb.o
                0x11008a80                linkDB_Remove
 *fill*         0x11008ab6        0x2 
 .text.linkDB_FindFirst
                0x11008ab8       0x28 build_boot_ibsth2p_v15/SDK/lib/ble_host/linkdb.o
                0x11008ab8                linkDB_FindFirst
 .text.linkDB_State
                0x11008ae0       0x28 build_boot_ibsth2p_v15/SDK/lib/ble_host/linkdb.o
                0x11008ae0                linkDB_State
 .text.linkDB_NumActive
                0x11008b08       0x10 build_boot_ibsth2p_v15/SDK/lib/ble_host/linkdb.o
                0x11008b08                linkDB_NumActive
 .text.linkDB_Authen
                0x11008b18       0x54 build_boot_ibsth2p_v15/SDK/lib/ble_host/linkdb.o
                0x11008b18                linkDB_Authen
 .text.linkDB_PerformFunc
                0x11008b6c       0x20 build_boot_ibsth2p_v15/SDK/lib/ble_host/linkdb.o
                0x11008b6c                linkDB_PerformFunc
 .text.xor_128  0x11008b8c       0x14 build_boot_ibsth2p_v15/SDK/lib/ble_host/sm_mgr.o
 .text.leftshift_onebit
                0x11008ba0       0x18 build_boot_ibsth2p_v15/SDK/lib/ble_host/sm_mgr.o
 .text.smEncrypt
                0x11008bb8       0x10 build_boot_ibsth2p_v15/SDK/lib/ble_host/sm_mgr.o
 .text.sm_CMAC  0x11008bc8      0x1d0 build_boot_ibsth2p_v15/SDK/lib/ble_host/sm_mgr.o
 .text.SM_GenerateAuthenSig
                0x11008d98       0x96 build_boot_ibsth2p_v15/SDK/lib/ble_host/sm_mgr.o
                0x11008d98                SM_GenerateAuthenSig
 .text.SM_VerifyAuthenSig
                0x11008e2e       0xd0 build_boot_ibsth2p_v15/SDK/lib/ble_host/sm_mgr.o
                0x11008e2e                SM_VerifyAuthenSig
 *fill*         0x11008efe        0x2 
 .text.smProcessRandComplete
                0x11008f00       0x78 build_boot_ibsth2p_v15/SDK/lib/ble_host/sm_mgr.o
                0x11008f00                smProcessRandComplete
 .text.smStartRspTimer
                0x11008f78       0x4c build_boot_ibsth2p_v15/SDK/lib/ble_host/sm_mgr.o
                0x11008f78                smStartRspTimer
 .text.smStopRspTimer
                0x11008fc4       0x20 build_boot_ibsth2p_v15/SDK/lib/ble_host/sm_mgr.o
                0x11008fc4                smStopRspTimer
 .text.sm_ah    0x11008fe4       0x44 build_boot_ibsth2p_v15/SDK/lib/ble_host/sm_mgr.o
                0x11008fe4                sm_ah
 .text.sm_c1new
                0x11009028       0xe0 build_boot_ibsth2p_v15/SDK/lib/ble_host/sm_mgr.o
                0x11009028                sm_c1new
 .text.sm_s1    0x11009108       0x40 build_boot_ibsth2p_v15/SDK/lib/ble_host/sm_mgr.o
                0x11009108                sm_s1
 .text.smGenerateRandBuf
                0x11009148       0x2e build_boot_ibsth2p_v15/SDK/lib/ble_host/sm_mgr.o
                0x11009148                smGenerateRandBuf
 .text.SM_CalcRandomAddr
                0x11009176       0x42 build_boot_ibsth2p_v15/SDK/lib/ble_host/sm_mgr.o
                0x11009176                SM_CalcRandomAddr
 .text.smAuthReqToUint8
                0x110091b8       0x18 build_boot_ibsth2p_v15/SDK/lib/ble_host/sm_mgr.o
                0x110091b8                smAuthReqToUint8
 .text.smUint8ToAuthReq
                0x110091d0        0xe build_boot_ibsth2p_v15/SDK/lib/ble_host/sm_mgr.o
                0x110091d0                smUint8ToAuthReq
 *fill*         0x110091de        0x2 
 .text.smFreePairingParams
                0x110091e0       0x5c build_boot_ibsth2p_v15/SDK/lib/ble_host/sm_pairing.o
 .text.smSetPairingReqRsp
                0x1100923c       0x40 build_boot_ibsth2p_v15/SDK/lib/ble_host/sm_pairing.o
 .text.smRegisterResponder
                0x1100927c        0xc build_boot_ibsth2p_v15/SDK/lib/ble_host/sm_pairing.o
                0x1100927c                smRegisterResponder
 .text.smLinkCheck
                0x11009288       0x24 build_boot_ibsth2p_v15/SDK/lib/ble_host/sm_pairing.o
                0x11009288                smLinkCheck
 .text.sm_c1    0x110092ac       0x9c build_boot_ibsth2p_v15/SDK/lib/ble_host/sm_pairing.o
                0x110092ac                sm_c1
 .text.smGeneratePairingReqRsp
                0x11009348       0x44 build_boot_ibsth2p_v15/SDK/lib/ble_host/sm_pairing.o
                0x11009348                smGeneratePairingReqRsp
 .text.smGenerateConfirm
                0x1100938c       0x30 build_boot_ibsth2p_v15/SDK/lib/ble_host/sm_pairing.o
                0x1100938c                smGenerateConfirm
 .text.smGenerateRandMsg
                0x110093bc       0x30 build_boot_ibsth2p_v15/SDK/lib/ble_host/sm_pairing.o
                0x110093bc                smGenerateRandMsg
 .text.smSavePairInfo
                0x110093ec      0x140 build_boot_ibsth2p_v15/SDK/lib/ble_host/sm_pairing.o
                0x110093ec                smSavePairInfo
 .text.smPairingSendEncInfo
                0x1100952c       0x14 build_boot_ibsth2p_v15/SDK/lib/ble_host/sm_pairing.o
                0x1100952c                smPairingSendEncInfo
 .text.smPairingSendMasterID
                0x11009540       0x2c build_boot_ibsth2p_v15/SDK/lib/ble_host/sm_pairing.o
                0x11009540                smPairingSendMasterID
 .text.smPairingSendIdentityInfo
                0x1100956c       0x14 build_boot_ibsth2p_v15/SDK/lib/ble_host/sm_pairing.o
                0x1100956c                smPairingSendIdentityInfo
 .text.smPairingSendIdentityAddrInfo
                0x11009580       0x28 build_boot_ibsth2p_v15/SDK/lib/ble_host/sm_pairing.o
                0x11009580                smPairingSendIdentityAddrInfo
 .text.smPairingSendSingingInfo
                0x110095a8       0x14 build_boot_ibsth2p_v15/SDK/lib/ble_host/sm_pairing.o
                0x110095a8                smPairingSendSingingInfo
 .text.smEndPairing
                0x110095bc       0x38 build_boot_ibsth2p_v15/SDK/lib/ble_host/sm_pairing.o
                0x110095bc                smEndPairing
 .text.smTimedOut
                0x110095f4        0xa build_boot_ibsth2p_v15/SDK/lib/ble_host/sm_pairing.o
                0x110095f4                smTimedOut
 *fill*         0x110095fe        0x2 
 .text.smSendFailAndEnd
                0x11009600       0x24 build_boot_ibsth2p_v15/SDK/lib/ble_host/sm_pairing.o
                0x11009600                smSendFailAndEnd
 .text.smProcessDataMsg
                0x11009624       0xec build_boot_ibsth2p_v15/SDK/lib/ble_host/sm_pairing.o
                0x11009624                smProcessDataMsg
 .text.smProcessEncryptChange
                0x11009710       0xc0 build_boot_ibsth2p_v15/SDK/lib/ble_host/sm_pairing.o
                0x11009710                smProcessEncryptChange
 .text.smNextPairingState
                0x110097d0       0x48 build_boot_ibsth2p_v15/SDK/lib/ble_host/sm_pairing.o
                0x110097d0                smNextPairingState
 .text.smDetermineKeySize
                0x11009818       0x2c build_boot_ibsth2p_v15/SDK/lib/ble_host/sm_pairing.o
                0x11009818                smDetermineKeySize
 .text.smpBuildPairingReqRsp
                0x11009844       0x72 build_boot_ibsth2p_v15/SDK/lib/ble_host/smp.o
                0x11009844                smpBuildPairingReqRsp
 .text.smpBuildPairingReq
                0x110098b6        0xe build_boot_ibsth2p_v15/SDK/lib/ble_host/smp.o
                0x110098b6                smpBuildPairingReq
 .text.smpBuildPairingRsp
                0x110098c4        0xe build_boot_ibsth2p_v15/SDK/lib/ble_host/smp.o
                0x110098c4                smpBuildPairingRsp
 .text.smpParsePairingReq
                0x110098d2       0x8e build_boot_ibsth2p_v15/SDK/lib/ble_host/smp.o
                0x110098d2                smpParsePairingReq
 .text.smpBuildPairingConfirm
                0x11009960       0x20 build_boot_ibsth2p_v15/SDK/lib/ble_host/smp.o
                0x11009960                smpBuildPairingConfirm
 .text.smpParsePairingConfirm
                0x11009980       0x1e build_boot_ibsth2p_v15/SDK/lib/ble_host/smp.o
                0x11009980                smpParsePairingConfirm
 .text.smpBuildPairingRandom
                0x1100999e       0x20 build_boot_ibsth2p_v15/SDK/lib/ble_host/smp.o
                0x1100999e                smpBuildPairingRandom
 .text.smpParsePairingRandom
                0x110099be        0x8 build_boot_ibsth2p_v15/SDK/lib/ble_host/smp.o
                0x110099be                smpParsePairingRandom
 .text.smpBuildPairingFailed
                0x110099c6       0x18 build_boot_ibsth2p_v15/SDK/lib/ble_host/smp.o
                0x110099c6                smpBuildPairingFailed
 .text.smpParsePairingFailed
                0x110099de       0x1c build_boot_ibsth2p_v15/SDK/lib/ble_host/smp.o
                0x110099de                smpParsePairingFailed
 .text.smpBuildEncInfo
                0x110099fa       0x20 build_boot_ibsth2p_v15/SDK/lib/ble_host/smp.o
                0x110099fa                smpBuildEncInfo
 .text.smpParseEncInfo
                0x11009a1a        0x8 build_boot_ibsth2p_v15/SDK/lib/ble_host/smp.o
                0x11009a1a                smpParseEncInfo
 .text.smpBuildMasterID
                0x11009a22       0x2c build_boot_ibsth2p_v15/SDK/lib/ble_host/smp.o
                0x11009a22                smpBuildMasterID
 .text.smpParseMasterID
                0x11009a4e       0x28 build_boot_ibsth2p_v15/SDK/lib/ble_host/smp.o
                0x11009a4e                smpParseMasterID
 .text.smpBuildIdentityInfo
                0x11009a76       0x20 build_boot_ibsth2p_v15/SDK/lib/ble_host/smp.o
                0x11009a76                smpBuildIdentityInfo
 .text.smpBuildIdentityAddrInfo
                0x11009a96       0x26 build_boot_ibsth2p_v15/SDK/lib/ble_host/smp.o
                0x11009a96                smpBuildIdentityAddrInfo
 .text.smpParseIdentityInfo
                0x11009abc        0x8 build_boot_ibsth2p_v15/SDK/lib/ble_host/smp.o
                0x11009abc                smpParseIdentityInfo
 .text.smpParseIdentityAddrInfo
                0x11009ac4       0x22 build_boot_ibsth2p_v15/SDK/lib/ble_host/smp.o
                0x11009ac4                smpParseIdentityAddrInfo
 .text.smpBuildSigningInfo
                0x11009ae6       0x20 build_boot_ibsth2p_v15/SDK/lib/ble_host/smp.o
                0x11009ae6                smpBuildSigningInfo
 .text.smpParseSigningInfo
                0x11009b06        0x8 build_boot_ibsth2p_v15/SDK/lib/ble_host/smp.o
                0x11009b06                smpParseSigningInfo
 .text.smpParseSecurityReq
                0x11009b0e       0x1c build_boot_ibsth2p_v15/SDK/lib/ble_host/smp.o
                0x11009b0e                smpParseSecurityReq
 .text.smSendSMMsg
                0x11009b2a       0x46 build_boot_ibsth2p_v15/SDK/lib/ble_host/smp.o
                0x11009b2a                smSendSMMsg
 .text.smResponderProcessLTKReq
                0x11009b70       0xe8 build_boot_ibsth2p_v15/SDK/lib/ble_host/sm_rsppairing.o
 .text.smResponderSendNextKeyInfo
                0x11009c58      0x1c8 build_boot_ibsth2p_v15/SDK/lib/ble_host/sm_rsppairing.o
 .text.SM_ResponderInit
                0x11009e20       0x24 build_boot_ibsth2p_v15/SDK/lib/ble_host/sm_rsppairing.o
                0x11009e20                SM_ResponderInit
 .text.smpResponderProcessPairingReq
                0x11009e44       0xa4 build_boot_ibsth2p_v15/SDK/lib/ble_host/sm_rsppairing.o
                0x11009e44                smpResponderProcessPairingReq
 .text.smpResponderProcessIncoming
                0x11009ee8      0x200 build_boot_ibsth2p_v15/SDK/lib/ble_host/sm_rsppairing.o
 .text.SM_Init  0x1100a0e8       0x24 build_boot_ibsth2p_v15/SDK/lib/ble_host/sm_task.o
                0x1100a0e8                SM_Init
 .text.SM_ProcessEvent
                0x1100a10c       0xbc build_boot_ibsth2p_v15/SDK/lib/ble_host/sm_task.o
                0x1100a10c                SM_ProcessEvent
 .text.smTo_timerCB
                0x1100a1c8        0xa build_boot_ibsth2p_v15/SDK/lib/ble_host/sm_task.o
                0x1100a1c8                smTo_timerCB
 .text.smState_timerCB
                0x1100a1d2        0xa build_boot_ibsth2p_v15/SDK/lib/ble_host/sm_task.o
                0x1100a1d2                smState_timerCB
 .text.hal_gpioin_event_pin
                0x1100a1dc       0x2c build_boot_ibsth2p_v15/SDK/components/driver/gpio/gpio.o
 .text.hal_gpio_interrupt_enable.isra.0
                0x1100a208       0x30 build_boot_ibsth2p_v15/SDK/components/driver/gpio/gpio.o
 .text.hal_GPIO_IRQHandler
                0x1100a238       0x64 build_boot_ibsth2p_v15/SDK/components/driver/gpio/gpio.o
                0x1100a238                hal_GPIO_IRQHandler
 .text.hal_gpio_read
                0x1100a29c       0x20 build_boot_ibsth2p_v15/SDK/components/driver/gpio/gpio.o
                0x1100a29c                hal_gpio_read
 .text.hal_gpio_fmux
                0x1100a2bc       0x20 build_boot_ibsth2p_v15/SDK/components/driver/gpio/gpio.o
                0x1100a2bc                hal_gpio_fmux