
Discarded input sections

 .text          0x00000000        0x0 /home/laeb/Downloads/inkbird_ibs_th2p/inkbird_fw/build/stock_bundle_installer/start.o
 .data          0x00000000        0x0 /home/laeb/Downloads/inkbird_ibs_th2p/inkbird_fw/build/stock_bundle_installer/start.o
 .bss           0x00000000        0x0 /home/laeb/Downloads/inkbird_ibs_th2p/inkbird_fw/build/stock_bundle_installer/start.o
 .ARM.attributes
                0x00000000       0x21 /home/laeb/Downloads/inkbird_ibs_th2p/inkbird_fw/build/stock_bundle_installer/start.o
 .group         0x00000000        0xc /home/laeb/Downloads/inkbird_ibs_th2p/inkbird_fw/build/stock_bundle_installer/installer.o
 .group         0x00000000        0xc /home/laeb/Downloads/inkbird_ibs_th2p/inkbird_fw/build/stock_bundle_installer/installer.o
 .text          0x00000000        0x0 /home/laeb/Downloads/inkbird_ibs_th2p/inkbird_fw/build/stock_bundle_installer/installer.o
 .data          0x00000000        0x0 /home/laeb/Downloads/inkbird_ibs_th2p/inkbird_fw/build/stock_bundle_installer/installer.o
 .bss           0x00000000        0x0 /home/laeb/Downloads/inkbird_ibs_th2p/inkbird_fw/build/stock_bundle_installer/installer.o
 .comment       0x00000000       0x27 /home/laeb/Downloads/inkbird_ibs_th2p/inkbird_fw/build/stock_bundle_installer/installer.o
 .ARM.attributes
                0x00000000       0x2c /home/laeb/Downloads/inkbird_ibs_th2p/inkbird_fw/build/stock_bundle_installer/installer.o

Memory Configuration

Name             Origin             Length             Attributes
sram             0x1fff1838         0x0000b7c8         xrw
*default*        0x00000000         0xffffffff

Linker script and memory map


.text           0x1fff1838      0x4b0
 *(.vectors)
 .vectors       0x1fff1838        0x8 /home/laeb/Downloads/inkbird_ibs_th2p/inkbird_fw/build/stock_bundle_installer/start.o
                0x1fff1838                _vectors
 *(.text.Reset_Handler)
 .text.Reset_Handler
                0x1fff1840       0x40 /home/laeb/Downloads/inkbird_ibs_th2p/inkbird_fw/build/stock_bundle_installer/start.o
                0x1fff1840                Reset_Handler
 *(.text .text.*)
 .text.fail     0x1fff1880       0x1c /home/laeb/Downloads/inkbird_ibs_th2p/inkbird_fw/build/stock_bundle_installer/installer.o
 .text.crc16_update
                0x1fff189c       0x30 /home/laeb/Downloads/inkbird_ibs_th2p/inkbird_fw/build/stock_bundle_installer/installer.o
 .text.crc16_flash
                0x1fff18cc       0x50 /home/laeb/Downloads/inkbird_ibs_th2p/inkbird_fw/build/stock_bundle_installer/installer.o
 .text.trace_reset_marker
                0x1fff191c        0x2 /home/laeb/Downloads/inkbird_ibs_th2p/inkbird_fw/build/stock_bundle_installer/installer.o
                0x1fff191c                trace_reset_marker
 *fill*         0x1fff191e        0x2 
 .text.installer_main
                0x1fff1920      0x378 /home/laeb/Downloads/inkbird_ibs_th2p/inkbird_fw/build/stock_bundle_installer/installer.o
                0x1fff1920                installer_main
 .text.installer_main.__stub
                0x1fff1c98       0x50 linker stubs
 *(.rodata .rodata.*)
 *(.glue_7)
 .glue_7        0x1fff1ce8        0x0 linker stubs
 *(.glue_7t)
 .glue_7t       0x1fff1ce8        0x0 linker stubs
                0x1fff1ce8                        . = ALIGN (0x4)

.vfp11_veneer   0x1fff1ce8        0x0
 .vfp11_veneer  0x1fff1ce8        0x0 linker stubs

.v4_bx          0x1fff1ce8        0x0
 .v4_bx         0x1fff1ce8        0x0 linker stubs

.iplt           0x1fff1ce8        0x0
 .iplt          0x1fff1ce8        0x0 /home/laeb/Downloads/inkbird_ibs_th2p/inkbird_fw/build/stock_bundle_installer/start.o

.rel.dyn        0x1fff1ce8        0x0
 .rel.iplt      0x1fff1ce8        0x0 /home/laeb/Downloads/inkbird_ibs_th2p/inkbird_fw/build/stock_bundle_installer/start.o

.data           0x1fff1ce8        0x0
 *(.data .data.*)
                0x1fff1ce8                        . = ALIGN (0x4)

.igot.plt       0x1fff1ce8        0x0
 .igot.plt      0x1fff1ce8        0x0 /home/laeb/Downloads/inkbird_ibs_th2p/inkbird_fw/build/stock_bundle_installer/start.o

.bss            0x1fff1ce8      0x200
                0x1fff1ce8                        . = ALIGN (0x4)
                0x1fff1ce8                        _sbss = .
 *(.bss .bss.*)
 .bss.chunk     0x1fff1ce8      0x100 /home/laeb/Downloads/inkbird_ibs_th2p/inkbird_fw/build/stock_bundle_installer/installer.o
 .bss.records   0x1fff1de8      0x100 /home/laeb/Downloads/inkbird_ibs_th2p/inkbird_fw/build/stock_bundle_installer/installer.o
 *(COMMON)
                0x1fff1ee8                        . = ALIGN (0x4)
                0x1fff1ee8                        _ebss = .
                0x1fffd000                        _stack_top = (ORIGIN (sram) + LENGTH (sram))

/DISCARD/
 *(.comment)
 *(.ARM.attributes)
 *(.note*)
LOAD /home/laeb/Downloads/inkbird_ibs_th2p/bthome_phy6222/SDK/misc/bb_rom_sym_m0.gcc
                0x000000d5                        bx_to_application = 0xd5
                0x000001f9                        P256_mul64 = 0x1f9
                0x0000029d                        P256_mul128 = 0x29d
                0x0000032d                        P256_mulmod = 0x32d
                0x00000567                        P256_sqr64 = 0x567
                0x000005c5                        P256_sqr128 = 0x5c5
                0x00000641                        P256_sqrmod = 0x641
                0x00000735                        P256_addmod = 0x735
                0x00000791                        P256_submod = 0x791
                0x000007c3                        P256_load_1 = 0x7c3
                0x000007d7                        P256_to_montgomery = 0x7d7
                0x00000801                        P256_from_montgomery = 0x801
                0x0000081b                        P256_point_is_on_curve = 0x81b
                0x0000086d                        P256_greater_or_equal_than = 0x86d
                0x00000887                        P256_negate_mod_m_if = 0x887
                0x000008a9                        P256_copy32 = 0x8a9
                0x000008b5                        P256_copy32_unaligned = 0x8b5
                0x000008c7                        P256_select = 0x8c7
                0x00000927                        P256_double_j = 0x927
                0x0000092b                        P256_add_j = 0x92b
                0x00000983                        P256_div2mod = 0x983
                0x000009e9                        P256_interpreter = 0x9e9
                0x00000a4d                        P256_sqrmod_many_and_mulmod = 0xa4d
                0x00000a6d                        P256_modinv = 0xa6d
                0x00000af7                        P256_jacobian_to_affine = 0xaf7
                0x00000b33                        P256_abs_int = 0xb33
                0x00000b41                        P256_pointmult = 0xb41
                0x00000d03                        P256_ecdh_keygen = 0xd03
                0x00000d0b                        P256_ecdh_shared_secret = 0xd0b
                0x00000e09                        __aeabi_uidiv = 0xe09
                0x00000e09                        __aeabi_uidivmod = 0xe09
                0x00000e35                        __aeabi_idiv = 0xe35
                0x00000e35                        __aeabi_idivmod = 0xe35
                0x00000e81                        __aeabi_memcpy = 0xe81
                0x00000e81                        __aeabi_memcpy4 = 0xe81
                0x00000e81                        __aeabi_memcpy8 = 0xe81
                0x00000e81                        memcpy = 0xe81
                0x00000ea5                        __aeabi_memset = 0xea5
                0x00000ea5                        __aeabi_memset4 = 0xea5
                0x00000ea5                        __aeabi_memset8 = 0xea5
                0x00000eb3                        __aeabi_memclr = 0xeb3
                0x00000eb3                        __aeabi_memclr4 = 0xeb3
                0x00000eb3                        __aeabi_memclr8 = 0xeb3
                0x00000eb7                        memset = 0xeb7
                0x00000ec9                        strlen = 0xec9
                0x00000ed7                        strcmp = 0xed7
                0x00000ef3                        memcmp = 0xef3
                0x00000f0d                        strncmp = 0xf0d
                0x00000f2d                        strtok = 0xf2d
                0x00000f75                        __aeabi_uread4 = 0xf75
                0x00000f75                        __rt_uread4 = 0xf75
                0x00000f75                        _uread4 = 0xf75
                0x00000f89                        strtoul = 0xf89
                0x00001001                        __rt_ctype_table = 0x1001
                0x00001009                        _strtoul = 0x1009
                0x0000112d                        GPIO_IRQHandler = 0x112d
                0x00001175                        HCI_CommandCompleteEvent = 0x1175
                0x000011fd                        HCI_CommandStatusEvent = 0x11fd
                0x00001251                        HCI_DataBufferOverflowEvent = 0x1251
                0x0000128d                        HCI_DisconnectCmd = 0x128d
                0x000012a1                        HCI_EXT_AdvEventNoticeCmd = 0x12a1
                0x000012a9                        HCI_EXT_BuildRevisionCmd = 0x12a9
                0x000012e5                        HCI_EXT_ClkDivOnHaltCmd = 0x12e5
                0x0000130d                        HCI_EXT_ConnEventNoticeCmd = 0x130d
                0x00001315                        HCI_EXT_DeclareNvUsageCmd = 0x1315
                0x00001339                        HCI_EXT_DecryptCmd = 0x1339
                0x0000137d                        HCI_EXT_DelaySleepCmd = 0x137d
                0x000013a5                        HCI_EXT_DisconnectImmedCmd = 0x13a5
                0x000013cd                        HCI_EXT_EnablePTMCmd = 0x13cd
                0x000013e1                        HCI_EXT_EndModemTestCmd = 0x13e1
                0x00001409                        HCI_EXT_HaltDuringRfCmd = 0x1409
                0x00001431                        HCI_EXT_ModemHopTestTxCmd = 0x1431
                0x00001459                        HCI_EXT_ModemTestRxCmd = 0x1459
                0x00001481                        HCI_EXT_ModemTestTxCmd = 0x1481
                0x000014a5                        HCI_EXT_NumComplPktsLimitCmd = 0x14a5
                0x000014c9                        HCI_EXT_OnePktPerEvtCmd = 0x14c9
                0x000014f5                        HCI_EXT_OverlappedProcessingCmd = 0x14f5
                0x0000151d                        HCI_EXT_PERbyChanCmd = 0x151d
                0x00001541                        HCI_EXT_PacketErrorRateCmd = 0x1541
                0x00001575                        HCI_EXT_ResetSystemCmd = 0x1575
                0x0000159d                        HCI_EXT_SaveFreqTuneCmd = 0x159d
                0x000015c5                        HCI_EXT_SetBDADDRCmd = 0x15c5
                0x00001601                        HCI_EXT_SetFastTxResponseTimeCmd = 0x1601
                0x00001629                        HCI_EXT_SetFreqTuneCmd = 0x1629
                0x00001651                        HCI_EXT_SetLocalSupportedFeaturesCmd = 0x1651
                0x00001679                        HCI_EXT_SetMaxDtmTxPowerCmd = 0x1679
                0x000016a1                        HCI_EXT_SetRxGainCmd = 0x16a1
                0x000016d1                        HCI_EXT_SetSCACmd = 0x16d1
                0x000016f9                        HCI_EXT_SetSlaveLatencyOverrideCmd = 0x16f9
                0x00001721                        HCI_EXT_SetTxPowerCmd = 0x1721
                0x00001751                        HCI_ExtTaskRegister = 0x1751
                0x0000175d                        HCI_GAPTaskRegister = 0x175d
                0x00001769                        HCI_HardwareErrorEvent = 0x1769
                0x000017b1                        HCI_HostBufferSizeCmd = 0x17b1
                0x000017e1                        HCI_HostNumCompletedPktCmd = 0x17e1
                0x0000183d                        HCI_Init = 0x183d
                0x00001879                        HCI_L2CAPTaskRegister = 0x1879
                0x000018a1                        HCI_LE_AddDevToResolvingListCmd = 0x18a1
                0x000018bd                        HCI_LE_AddWhiteListCmd = 0x18bd
                0x000018e1                        HCI_LE_ClearAdvSetsCmd = 0x18e1
                0x00001919                        HCI_LE_ClearResolvingListCmd = 0x1919
                0x00001935                        HCI_LE_ClearWhiteListCmd = 0x1935
                0x0000196d                        HCI_LE_Connection_CTE_Request_EnableCmd = 0x196d
                0x00001999                        HCI_LE_Connection_CTE_Response_EnableCmd = 0x1999
                0x000019c1                        HCI_LE_ConnectionlessCTE_TransmitEnableCmd = 0x19c1
                0x000019dd                        HCI_LE_ConnectionlessCTE_TransmitParamCmd = 0x19dd
                0x00001a01                        HCI_LE_ConnectionlessIQ_SampleEnableCmd = 0x1a01
                0x00001a31                        HCI_LE_CreateConnCancelCmd = 0x1a31
                0x00001a4d                        HCI_LE_CreateConnCmd = 0x1a4d
                0x00001a89                        HCI_LE_EncryptCmd = 0x1a89
                0x00001ac1                        HCI_LE_ExtendedCreateConnectionCmd = 0x1ac1
                0x00001b09                        HCI_LE_LtkReqNegReplyCmd = 0x1b09
                0x00001b31                        HCI_LE_LtkReqReplyCmd = 0x1b31
                0x00001b59                        HCI_LE_PeriodicAdvertisingCreateSyncCancelCmd = 0x1b59
                0x00001b75                        HCI_LE_PeriodicAdvertisingCreateSyncCmd = 0x1b75
                0x00001b9d                        HCI_LE_PeriodicAdvertisingTerminateSyncCmd = 0x1b9d
                0x00001bb9                        HCI_LE_READ_Anatenna_InfoCmd = 0x1bb9
                0x00001bd9                        HCI_LE_RandCmd = 0x1bd9
                0x00001c09                        HCI_LE_ReadAdvChanTxPowerCmd = 0x1c09
                0x00001c29                        HCI_LE_ReadBufSizeCmd = 0x1c29
                0x00001c4d                        HCI_LE_ReadChannelMapCmd = 0x1c4d
                0x00001c99                        HCI_LE_ReadLocalSupportedFeaturesCmd = 0x1c99
                0x00001cb9                        HCI_LE_ReadMaxDataLengthCmd = 0x1cb9
                0x00001ce9                        HCI_LE_ReadMaximumAdvDataLengthCmd = 0x1ce9
                0x00001d11                        HCI_LE_ReadNumberOfSupportAdvSetCmd = 0x1d11
                0x00001d71                        HCI_LE_ReadPhyMode = 0x1d71
                0x00001db1                        HCI_LE_ReadRemoteUsedFeaturesCmd = 0x1db1
                0x00001dc5                        HCI_LE_ReadResolvingListSizeCmd = 0x1dc5
                0x00001de5                        HCI_LE_ReadSuggestedDefaultDataLengthCmd = 0x1de5
                0x00001e15                        HCI_LE_ReadSupportedStatesCmd = 0x1e15
                0x00001e3d                        HCI_LE_ReadWhiteListSizeCmd = 0x1e3d
                0x00001e9d                        HCI_LE_ReceiverTestCmd = 0x1e9d
                0x00001eb1                        HCI_LE_RemoveAdvSetCmd = 0x1eb1
                0x00001ee9                        HCI_LE_RemoveResolvingListCmd = 0x1ee9
                0x00001f0d                        HCI_LE_RemoveWhiteListCmd = 0x1f0d
                0x00001f31                        HCI_LE_SetAddressResolutionEnableCmd = 0x1f31
                0x00001f4d                        HCI_LE_SetAdvDataCmd = 0x1f4d
                0x00001f69                        HCI_LE_SetAdvEnableCmd = 0x1f69
                0x00001f85                        HCI_LE_SetAdvParamCmd = 0x1f85
                0x00001fb1                        HCI_LE_SetDataLengthCmd = 0x1fb1
                0x00001fd9                        HCI_LE_SetDefaultPhyMode = 0x1fd9
                0x00001ff5                        HCI_LE_SetEventMaskCmd = 0x1ff5
                0x0000202d                        HCI_LE_SetExtAdvDataCmd = 0x202d
                0x0000204d                        HCI_LE_SetExtAdvEnableCmd = 0x204d
                0x0000206d                        HCI_LE_SetExtAdvParamCmd = 0x206d
                0x000020c1                        HCI_LE_SetExtAdvSetRandomAddressCmd = 0x20c1
                0x000020dd                        HCI_LE_SetExtScanRspDataCmd = 0x20dd
                0x000020fd                        HCI_LE_SetExtendedScanEnableCmd = 0x20fd
                0x00002119                        HCI_LE_SetExtendedScanParametersCmd = 0x2119
                0x0000213d                        HCI_LE_SetHostChanClassificationCmd = 0x213d
                0x00002159                        HCI_LE_SetPeriodicAdvDataCmd = 0x2159
                0x00002175                        HCI_LE_SetPeriodicAdvEnableCmd = 0x2175
                0x00002191                        HCI_LE_SetPeriodicAdvParameterCmd = 0x2191
                0x000021ad                        HCI_LE_SetPhyMode = 0x21ad
                0x000021c5                        HCI_LE_SetRandomAddressCmd = 0x21c5
                0x000021e9                        HCI_LE_SetResolvablePrivateAddressTimeoutCmd = 0x21e9
                0x00002219                        HCI_LE_SetScanEnableCmd = 0x2219
                0x00002235                        HCI_LE_SetScanParamCmd = 0x2235
                0x00002255                        HCI_LE_SetScanRspDataCmd = 0x2255
                0x00002271                        HCI_LE_Set_ConnectionCTE_ReceiveParamCmd = 0x2271
                0x0000229d                        HCI_LE_Set_ConnectionCTE_TransmitParamCmd = 0x229d
                0x000022e1                        HCI_LE_StartEncyptCmd = 0x22e1
                0x000022f5                        HCI_LE_TestEndCmd = 0x22f5
                0x0000231d                        HCI_LE_TransmitterTestCmd = 0x231d
                0x00002339                        HCI_LE_WriteSuggestedDefaultDataLengthCmd = 0x2339
                0x00002371                        HCI_NumOfCompletedPacketsEvent = 0x2371
                0x00002401                        HCI_PPLUS_AdvEventDoneNoticeCmd = 0x2401
                0x00002421                        HCI_PPLUS_ConnEventDoneNoticeCmd = 0x2421
                0x00002461                        HCI_PPLUS_DateLengthChangedNoticeCmd = 0x2461
                0x000024a1                        HCI_PPLUS_ExtendTRXCmd = 0x24a1
                0x000024bd                        HCI_PPLUS_PhyUpdateNoticeCmd = 0x24bd
                0x000024fd                        HCI_ProcessEvent = 0x24fd
                0x00002551                        HCI_ReadBDADDRCmd = 0x2551
                0x00002571                        HCI_ReadLocalSupportedCommandsCmd = 0x2571
                0x00002589                        HCI_ReadLocalSupportedFeaturesCmd = 0x2589
                0x000025ad                        HCI_ReadLocalVersionInfoCmd = 0x25ad
                0x000025f5                        HCI_ReadRemoteVersionInfoCmd = 0x25f5
                0x00002625                        HCI_ReadRssiCmd = 0x2625
                0x00002651                        HCI_ReadTransmitPowerLevelCmd = 0x2651
                0x0000267d                        HCI_ResetCmd = 0x267d
                0x000026a9                        HCI_ReverseBytes = 0x26a9
                0x000026c9                        HCI_SMPTaskRegister = 0x26c9
                0x000026d5                        HCI_SendCommandCompleteEvent = 0x26d5
                0x0000277d                        HCI_SendCommandStatusEvent = 0x277d
                0x0000279d                        HCI_SendControllerToHostEvent = 0x279d
                0x000027e9                        HCI_SendDataPkt = 0x27e9
                0x00002819                        HCI_SetControllerToHostFlowCtrlCmd = 0x2819
                0x0000285d                        HCI_SetEventMaskCmd = 0x285d
                0x0000288d                        HCI_TestAppTaskRegister = 0x288d
                0x00002899                        HCI_ValidConnTimeParams = 0x2899
                0x000028d9                        HCI_VendorSpecifcCommandCompleteEvent = 0x28d9
                0x000028e9                        HCI_bm_alloc = 0x28e9
                0x000028f1                        HardFault_Handler = 0x28f1
                0x00002909                        HardFault_IRQHandler = 0x2909
                0x000029dd                        LL_AddResolvingListLDevice = 0x29dd
                0x00002a95                        LL_AddWhiteListDevice = 0x2a95
                0x00002b11                        LL_AdvReportCback = 0x2b11
                0x00002ca1                        LL_CTE_Report_FailedCback = 0x2ca1
                0x00002d0d                        LL_ChanMapUpdate = 0x2d0d
                0x00002e2d                        LL_ClearAdvSets = 0x2e2d
                0x00002f41                        LL_ClearResolvingList = 0x2f41
                0x00002fbd                        LL_ClearWhiteList = 0x2fbd
                0x00003011                        LL_ConnActive = 0x3011
                0x00003039                        LL_ConnParamUpdateCback = 0x3039
                0x000030e5                        LL_ConnUpdate = 0x30e5
                0x000031b9                        LL_ConnectionCompleteCback = 0x31b9
                0x000032d5                        LL_ConnectionIQReportCback = 0x32d5
                0x000033e5                        LL_Connection_CTE_Request_Enable = 0x33e5
                0x00003499                        LL_Connection_CTE_Response_Enable = 0x3499
                0x00003505                        LL_ConnectionlessCTE_TransmitEnable = 0x3505
                0x000035e5                        LL_ConnectionlessCTE_TransmitParam = 0x35e5
                0x000036c1                        LL_ConnectionlessIQReportCback = 0x36c1
                0x000037c5                        LL_ConnectionlessIQ_SampleEnable = 0x37c5
                0x00003901                        LL_CreateConn = 0x3901
                0x00003949                        LL_CreateConn0 = 0x3949
                0x00003c91                        LL_CreateConnCancel = 0x3c91
                0x00003d59                        LL_CtrlToHostFlowControl = 0x3d59
                0x00003d71                        LL_DataLengthChangeCback = 0x3d71
                0x00003e3d                        LL_DirectTestEnd = 0x3e3d
                0x00003e95                        LL_DirectTestTxTest = 0x3e95
                0x00003eb1                        LL_Disconnect = 0x3eb1
                0x00003f41                        LL_DisconnectCback = 0x3f41
                0x00003fc5                        LL_ENC_AES128_Encrypt = 0x3fc5
                0x00003fdd                        LL_ENC_AES128_Encrypt0 = 0x3fdd
                0x000040ed                        LL_ENC_Decrypt = 0x40ed
                0x00004105                        LL_ENC_Decrypt0 = 0x4105
                0x00004261                        LL_ENC_Encrypt = 0x4261
                0x00004278                        LL_ENC_Encrypt0 = 0x4278
                0x000043c1                        LL_ENC_GenDeviceIV = 0x43c1
                0x000043f1                        LL_ENC_GenDeviceSKD = 0x43f1
                0x00004421                        LL_ENC_GenerateNonce = 0x4421
                0x00004459                        LL_ENC_GeneratePseudoRandNum = 0x4459
                0x00004469                        LL_ENC_GenerateTrueRandNum = 0x4469
                0x00004489                        LL_ENC_LoadKey = 0x4489
                0x000044e1                        LL_ENC_ReverseBytes = 0x44e1
                0x00004501                        LL_ENC_sm_ah = 0x4501
                0x00004543                        LL_EXT_AdvEventNotice = 0x4543
                0x00004547                        LL_EXT_BuildRevision = 0x4547
                0x0000454b                        LL_EXT_ClkDivOnHalt = 0x454b
                0x0000454f                        LL_EXT_ConnEventNotice = 0x454f
                0x00004553                        LL_EXT_DeclareNvUsage = 0x4553
                0x00004557                        LL_EXT_Decrypt = 0x4557
                0x0000455b                        LL_EXT_DelaySleep = 0x455b
                0x0000455f                        LL_EXT_DisconnectImmed = 0x455f
                0x00004563                        LL_EXT_EndModemTest = 0x4563
                0x00004567                        LL_EXT_HaltDuringRf = 0x4567
                0x0000456d                        LL_EXT_Init_IQ_pBuff = 0x456d
                0x00004581                        LL_EXT_MapPmIoPort = 0x4581
                0x00004585                        LL_EXT_ModemHopTestTx = 0x4585
                0x00004589                        LL_EXT_ModemTestRx = 0x4589
                0x0000458d                        LL_EXT_ModemTestTx = 0x458d
                0x00004591                        LL_EXT_NumComplPktsLimit = 0x4591
                0x000045ad                        LL_EXT_OnePacketPerEvent = 0x45ad
                0x000045b1                        LL_EXT_OverlappedProcessing = 0x45b1
                0x000045b5                        LL_EXT_PERbyChan = 0x45b5
                0x000045b9                        LL_EXT_PacketErrorRate = 0x45b9
                0x000045bd                        LL_EXT_PacketErrorRateCback = 0x45bd
                0x000045f9                        LL_EXT_ResetSystem = 0x45f9
                0x000045fd                        LL_EXT_SaveFreqTune = 0x45fd
                0x00004601                        LL_EXT_SetBDADDR = 0x4601
                0x00004605                        LL_EXT_SetFastTxResponseTime = 0x4605
                0x00004609                        LL_EXT_SetFreqTune = 0x4609
                0x0000460d                        LL_EXT_SetLocalSupportedFeatures = 0x460d
                0x00004611                        LL_EXT_SetMaxDtmTxPower = 0x4611
                0x00004615                        LL_EXT_SetRxGain = 0x4615
                0x00004619                        LL_EXT_SetRxGainCback = 0x4619
                0x00004635                        LL_EXT_SetSCA = 0x4635
                0x00004639                        LL_EXT_SetSlaveLatencyOverride = 0x4639
                0x0000463d                        LL_EXT_SetTxPower = 0x463d
                0x00004679                        LL_EXT_SetTxPowerCback = 0x4679
                0x00004699                        LL_EncChangeCback = 0x4699
                0x00004715                        LL_EncKeyRefreshCback = 0x4715
                0x0000478d                        LL_EncLtkNegReply = 0x478d
                0x000047d9                        LL_EncLtkReply = 0x47d9
                0x00004831                        LL_EncLtkReqCback = 0x4831
                0x000048e5                        LL_Encrypt = 0x48e5
                0x00004a8d                        LL_ExtAdvReportCback = 0x4a8d
                0x00004bfd                        LL_ExtendedCreateConnection = 0x4bfd
                0x00004e25                        LL_IRQHandler = 0x4e25
                0x00004eb1                        LL_Init = 0x4eb1
                0x00005045                        LL_InitConnectContext = 0x5045
                0x0000511d                        LL_InitExtendedAdv = 0x511d
                0x000051b5                        LL_InitExtendedScan = 0x51b5
                0x000051c5                        LL_InitPeriodicAdv = 0x51c5
                0x00005291                        LL_NumEmptyWlEntries = 0x5291
                0x000052a5                        LL_PLUS_DisableSlaveLatency = 0x52a5
                0x00005435                        LL_PLUS_EnableSlaveLatency = 0x5435
                0x0000548d                        LL_PLUS_GetAdvDataExtendData = 0x548d
                0x00005495                        LL_PLUS_GetScanRequestExtendData = 0x5495
                0x000054bd                        LL_PLUS_GetScanerAddr = 0x54bd
                0x000054d5                        LL_PLUS_PerStasReadByChn = 0x54d5
                0x00005519                        LL_PLUS_PerStatsReset = 0x5519
                0x00005535                        LL_PLUS_PerStats_Init = 0x5535
                0x00005545                        LL_PLUS_SetAdvDataFilterCB = 0x5545
                0x00005551                        LL_PLUS_SetScanRequestData = 0x5551
                0x00005579                        LL_PLUS_SetScanRequestFilterCB = 0x5579
                0x00005585                        LL_PLUS_SetScanRsqData = 0x5585
                0x000055b1                        LL_PLUS_SetScanRsqDataByIndex = 0x55b1
                0x000055bd                        LL_PeriodicAdvertisingCreateSync = 0x55bd
                0x0000560d                        LL_PeriodicAdvertisingCreateSyncCancel = 0x560d
                0x00005635                        LL_PeriodicAdvertisingTerminateSync = 0x5635
                0x00005655                        LL_PhyUpdate = 0x5655
                0x0000566d                        LL_PhyUpdate0 = 0x566d
                0x00005725                        LL_PhyUpdateCompleteCback = 0x5725
                0x000057c9                        LL_PrdAdvReportCback = 0x57c9
                0x000058b5                        LL_PrdAdvSyncEstablishedCback = 0x58b5
                0x00005989                        LL_PrdAdvSyncLostCback = 0x5989
                0x000059f1                        LL_ProcessEvent = 0x59f1
                0x00005dd9                        LL_PseudoRand = 0x5dd9
                0x00005ddd                        LL_READ_Anatenna_Info = 0x5ddd
                0x00005df1                        LL_RX_bm_alloc = 0x5df1
                0x00005e05                        LL_Rand = 0x5e05
                0x00005e65                        LL_RandCback = 0x5e65
                0x00005e89                        LL_ReadAdvChanTxPower = 0x5e89
                0x00005eb9                        LL_ReadBDADDR = 0x5eb9
                0x00005edd                        LL_ReadCarrSens = 0x5edd
                0x00005ef9                        LL_ReadChanMap = 0x5ef9
                0x00005f31                        LL_ReadFoff = 0x5f31
                0x00005f71                        LL_ReadLocalSupportedFeatures = 0x5f71
                0x00005f8d                        LL_ReadLocalVersionInfo = 0x5f8d
                0x00005fa5                        LL_ReadMaximumAdvDataLength = 0x5fa5
                0x00005fc5                        LL_ReadNumberOfSupportAdvSet = 0x5fc5
                0x00006021                        LL_ReadRemoteUsedFeatures = 0x6021
                0x00006061                        LL_ReadRemoteUsedFeaturesCompleteCback = 0x6061
                0x000060d5                        LL_ReadRemoteVersionInfo = 0x60d5
                0x00006131                        LL_ReadRemoteVersionInfoCback = 0x6131
                0x000061a9                        LL_ReadResolvingListSize = 0x61a9
                0x000061b1                        LL_ReadRssi = 0x61b1
                0x000061e5                        LL_ReadSupportedStates = 0x61e5
                0x00006269                        LL_ReadTxPowerLevel = 0x6269
                0x000062e5                        LL_ReadWlSize = 0x62e5
                0x00006335                        LL_RemoveAdvSet = 0x6335
                0x000064a5                        LL_RemoveResolvingListDevice = 0x64a5
                0x00006561                        LL_RemoveWhiteListDevice = 0x6561
                0x000065f1                        LL_Reset = 0x65f1
                0x00006791                        LL_RxDataCompleteCback = 0x6791
                0x00006831                        LL_SetAddressResolutionEnable = 0x6831
                0x00006881                        LL_SetAdvControl = 0x6881
                0x00006899                        LL_SetAdvControl0 = 0x6899
                0x00006a05                        LL_SetAdvData = 0x6a05
                0x00006a6d                        LL_SetAdvParam = 0x6a6d
                0x00006a9d                        LL_SetAdvParam0 = 0x6a9d
                0x00006df9                        LL_SetDataLengh = 0x6df9
                0x00006e11                        LL_SetDataLengh0 = 0x6e11
                0x00006ead                        LL_SetDefaultPhyMode = 0x6ead
                0x00006edd                        LL_SetExtAdvData = 0x6edd
                0x00006fc5                        LL_SetExtAdvEnable = 0x6fc5
                0x00007205                        LL_SetExtAdvParam = 0x7205
                0x000073a9                        LL_SetExtAdvSetRandomAddress = 0x73a9
                0x000073f5                        LL_SetExtScanRspData = 0x73f5
                0x00007471                        LL_SetExtendedScanEnable = 0x7471
                0x000074b5                        LL_SetExtendedScanParameters = 0x74b5
                0x0000751d                        LL_SetPeriodicAdvData = 0x751d
                0x000075cd                        LL_SetPeriodicAdvEnable = 0x75cd
                0x00007715                        LL_SetPeriodicAdvParameter = 0x7715
                0x000077e1                        LL_SetPhyMode = 0x77e1
                0x000077fd                        LL_SetPhyMode0 = 0x77fd
                0x000078c9                        LL_SetRandomAddress = 0x78c9
                0x00007929                        LL_SetResolvablePrivateAddressTimeout = 0x7929
                0x00007935                        LL_SetScanControl = 0x7935
                0x0000794d                        LL_SetScanControl0 = 0x794d
                0x00007a59                        LL_SetScanParam = 0x7a59
                0x00007a75                        LL_SetScanParam0 = 0x7a75
                0x00007b15                        LL_SetScanRspData = 0x7b15
                0x00007b65                        LL_SetTxPowerLevel = 0x7b65
                0x00007b91                        LL_Set_ConnectionCTE_ReceiveParam = 0x7b91
                0x00007c99                        LL_Set_ConnectionCTE_TransmitParam = 0x7c99
                0x00007e01                        LL_StartEncrypt = 0x7e01
                0x00007f01                        LL_TX_bm_alloc = 0x7f01
                0x00007f1d                        LL_TxData = 0x7f1d
                0x00007fb9                        LL_WriteSuggestedDefaultDataLength = 0x7fb9
                0x00007ff9                        LL_evt_schedule = 0x7ff9
                0x000080b5                        LL_extAdvTimerExpProcess = 0x80b5
                0x000080b9                        LL_extInitTimerExpProcess = 0x80b9
                0x000080bb                        LL_extScanTimerExpProcess = 0x80bb
                0x000080bd                        LL_master_conn_event = 0x80bd
                0x0000826d                        LL_prdAdvTimerExpProcess = 0x826d
                0x00008271                        LL_prdScanTimerExpProcess = 0x8271
                0x00008275                        LL_set_default_conn_params = 0x8275
                0x0000828d                        LL_set_default_conn_params0 = 0x828d
                0x000082b9                        LL_slave_conn_event = 0x82b9
                0x00008481                        NMI_Handler = 0x8481
                0x000084cd                        PendSV_Handler = 0x84cd
                0x00008545                        TIM1_IRQHandler = 0x8545
                0x00008901                        WaitRTCCount = 0x8901
                0x00008961                        __ARM_common_switch8 = 0x8961
                0x0000961d                        _spif_read_status_reg = 0x961d
                0x00009645                        _spif_wait_nobusy = 0x9645
                0x00009769                        app_sleep_process = 0x9769
                0x00009779                        app_wakeup_process = 0x9779
                0x00009789                        ate_fun_test = 0x9789
                0x00009d11                        ate_sleep_process = 0x9d11
                0x0000a121                        ate_wakeup_process = 0xa121
                0x0000a1e9                        bit_to_byte = 0xa1e9
                0x0000a201                        ble_crc24_gen = 0xa201
                0x0000a361                        boot_init = 0xa361
                0x0000a379                        boot_init0 = 0xa379
                0x0000a3c1                        boot_m0 = 0xa3c1
                0x0000a535                        byte_to_bit = 0xa535
                0x0000a549                        calculate_whiten_seed = 0xa549
                0x0000a5c1                        clear_timer = 0xa5c1
                0x0000a5cb                        clear_timer_int = 0xa5cb
                0x0000a5d1                        clk_get_pclk = 0xa5d1
                0x0000a5ed                        clk_init = 0xa5ed
                0x0000a681                        clk_set_pclk_div = 0xa681
                0x0000a6a1                        clk_spif_ref_clk = 0xa6a1
                0x0000a6f9                        config_RTC = 0xa6f9
                0x0000a711                        config_RTC0 = 0xa711
                0x0000a755                        rom_crc16 = 0xa755
                0x0000a791                        debug_print = 0xa791
                0x0000a921                        disableSleep = 0xa921
                0x0000a975                        drv_disable_irq = 0xa975
                0x0000a99d                        drv_enable_irq = 0xa99d
                0x0000a9c9                        drv_irq_init = 0xa9c9
                0x0000a9fd                        dwc_connect = 0xa9fd
                0x0000aa35                        dwc_data_process = 0xaa35
                0x0000abd1                        dwc_loop = 0xabd1
                0x0000ace1                        efuse_read = 0xace1
                0x0000aead                        enableSleep = 0xaead
                0x0000aeb9                        enterSleepProcess = 0xaeb9
                0x0000aed1                        enterSleepProcess0 = 0xaed1
                0x0000afa1                        enter_sleep_off_mode = 0xafa1
                0x0000afb9                        enter_sleep_off_mode0 = 0xafb9
                0x0000afe9                        getMcuPrecisionCount = 0xafe9
                0x0000aff5                        getPN23RandNumber = 0xaff5
                0x0000b01d                        getRxBufferFree = 0xb01d
                0x0000b031                        getRxBufferSize = 0xb031
                0x0000b051                        getSleepMode = 0xb051
                0x0000b05d                        getTxBufferFree = 0xb05d
                0x0000b071                        getTxBufferSize = 0xb071
                0x0000b0b1                        get_rx_read_ptr = 0xb0b1
                0x0000b0b9                        get_rx_write_ptr = 0xb0b9
                0x0000b0c1                        get_sleep_flag = 0xb0c1
                0x0000b0cd                        get_timer_count = 0xb0cd
                0x0000b0d1                        get_timer_int = 0xb0d1
                0x0000b0d9                        get_tx_read_ptr = 0xb0d9
                0x0000b0e1                        get_tx_write_ptr = 0xb0e1
                0x0000b0e9                        gpio_cfg_analog_io = 0xb0e9
                0x0000b119                        gpio_dir = 0xb119
                0x0000b15d                        gpio_fmux_control = 0xb15d
                0x0000b179                        gpio_fmux_set = 0xb179
                0x0000b1b1                        gpio_in_trigger = 0xb1b1
                0x0000b219                        gpio_init = 0xb219
                0x0000b22d                        gpio_interrupt_set = 0xb22d
                0x0000b249                        gpio_pull_set = 0xb249
                0x0000b291                        gpio_read = 0xb291
                0x0000b2b5                        gpio_wakeup_set = 0xb2b5
                0x0000b319                        gpio_write = 0xb319
                0x0000b52d                        hciInitEventMasks = 0xb52d
                0x0000b555                        isSleepAllow = 0xb555
                0x0000b561                        isTimer1Running = 0xb561
                0x0000b571                        isTimer4Running = 0xb571
                0x0000b581                        jump_area_init = 0xb581
                0x0000b5a9                        ll24BitTimeCompare = 0xb5a9
                0x0000b609                        llAdjSlaveLatencyValue = 0xb609
                0x0000b629                        llAllocConnId = 0xb629
                0x0000b679                        llAllocateSyncHandle = 0xb679
                0x0000b6a9                        llAtLeastTwoChans = 0xb6a9
                0x0000b6ed                        llCalcMaxScanTime = 0xb6ed
                0x0000b745                        llCalcScaFactor = 0xb745
                0x0000b76d                        llCalcTimerDrift = 0xb76d
                0x0000b7b1                        llCheckForLstoDuringSL = 0xb7b1
                0x0000b7ed                        llCheckWhiteListUsage = 0xb7ed
                0x0000b809                        llConnCleanup = 0xb809
                0x0000b839                        llConnTerminate = 0xb839
                0x0000b851                        llConnTerminate0 = 0xb851
                0x0000b87d                        llConvertCtrlProcTimeoutToEvent = 0xb87d
                0x0000b899                        llConvertLstoToEvent = 0xb899
                0x0000b8bd                        llDeleteSyncHandle = 0xb8bd
                0x0000b8ed                        llDequeueCtrlPkt = 0xb8ed
                0x0000b929                        llDequeueDataQ = 0xb929
                0x0000b953                        llEnqueueCtrlPkt = 0xb953
                0x0000b98b                        llEnqueueDataQ = 0xb98b
                0x0000b9b1                        llEqAlreadyValidAddr = 0xb9b1
                0x0000b9b5                        llEqSynchWord = 0xb9b5
                0x0000b9c9                        llEqualBytes = 0xb9c9
                0x0000b9e9                        llEventDelta = 0xb9e9
                0x0000b9fd                        llEventInRange = 0xb9fd
                0x0000ba1b                        llGenerateCRC = 0xba1b
                0x0000ba3d                        llGenerateValidAccessAddr = 0xba3d
                0x0000ba6d                        llGetNextAdvChn = 0xba6d
                0x0000bac1                        llGetNextAuxAdvChn = 0xbac1
                0x0000bae5                        llGetNextDataChan = 0xbae5
                0x0000bb23                        llGetNextDataChanCSA2 = 0xbb23
                0x0000bb81                        llGtSixConsecZerosOrOnes = 0xbb81
                0x0000bbb3                        llGtTwentyFourTransitions = 0xbbb3
                0x0000bbe5                        llInitFeatureSet = 0xbbe5
                0x0000bc1d                        llInitFeatureSet2MPHY = 0xbc1d
                0x0000bc45                        llInitFeatureSetCodedPHY = 0xbc45
                0x0000bc6d                        llInitFeatureSetDLE = 0xbc6d
                0x0000bc89                        llLtTwoChangesInLastSixBits = 0xbc89
                0x0000bcb9                        llMasterEvt_TaskEndOk = 0xbcb9
                0x0000be05                        llMemCopyDst = 0xbe05
                0x0000be1b                        llMemCopySrc = 0xbe1b
                0x0000be35                        llOneBitSynchWordDiffer = 0xbe35
                0x0000be4d                        llPduLengthManagmentReset = 0xbe4d
                0x0000bf01                        llPduLengthUpdate = 0xbf01
                0x0000c00d                        llPendingUpdateParam = 0xc00d
                0x0000c051                        llPhyModeCtrlReset = 0xc051
                0x0000c0b9                        llPhyModeCtrlUpdateNotify = 0xc0b9
                0x0000c185                        llProcessChanMap = 0xc185
                0x0000c1d1                        llProcessMasterControlPacket = 0xc1d1
                0x0000c5b9                        llProcessMasterControlProcedures = 0xc5b9
                0x0000ca85                        llProcessRxData = 0xca85
                0x0000cc31                        llProcessSlaveControlPacket = 0xcc31
                0x0000d169                        llProcessSlaveControlProcedures = 0xd169
                0x0000d4d1                        llProcessTxData = 0xd4d1
                0x0000d4e9                        llProcessTxData0 = 0xd4e9
                0x0000d55d                        llReleaseAllConnId = 0xd55d
                0x0000d561                        llReleaseConnId = 0xd561
                0x0000d5f5                        llReplaceCtrlPkt = 0xd5f5
                0x0000d60d                        llResetConnId = 0xd60d
                0x0000d6ed                        llResetRfCounters = 0xd6ed
                0x0000d701                        llSecAdvAllow = 0xd701
                0x0000d769                        llSetNextDataChan = 0xd769
                0x0000d839                        llSetNextPhyMode = 0xd839
                0x0000d8a9                        llSetupAdv = 0xd8a9
                0x0000d949                        llSetupAdvExtIndPDU = 0xd949
                0x0000db4d                        llSetupAuxAdvIndPDU = 0xdb4d
                0x0000dda1                        llSetupAuxChainIndPDU = 0xdda1
                0x0000df91                        llSetupAuxConnectReqPDU = 0xdf91
                0x0000e025                        llSetupAuxConnectRspPDU = 0xe025
                0x0000e09d                        llSetupAuxScanRspPDU = 0xe09d
                0x0000e109                        llSetupAuxSyncIndPDU = 0xe109
                0x0000e2c1                        llSetupCTEReq = 0xe2c1
                0x0000e38d                        llSetupCTERsp = 0xe38d
                0x0000e457                        llSetupConn = 0xe457
                0x0000e459                        llSetupDataLenghtReq = 0xe459
                0x0000e4d5                        llSetupDataLenghtRsp = 0xe4d5
                0x0000e551                        llSetupDirectedAdvEvt = 0xe551
                0x0000e6a1                        llSetupEncReq = 0xe6a1
                0x0000e725                        llSetupEncRsp = 0xe725
                0x0000e7b1                        llSetupExtAdvEvent = 0xe7b1
                0x0000eb09                        llSetupExtInit = 0xeb09
                0x0000eb81                        llSetupExtScan = 0xeb81
                0x0000ec01                        llSetupFeatureSetReq = 0xec01
                0x0000ec63                        llSetupFeatureSetRsp = 0xec63
                0x0000ecc1                        llSetupInit = 0xecc1
                0x0000ed39                        llSetupNextMasterEvent = 0xed39
                0x0000ede1                        llSetupNextSlaveEvent = 0xede1
                0x0000edf9                        llSetupNextSlaveEvent0 = 0xedf9
                0x0000ef65                        llSetupNonConnectableAdvEvt = 0xef65
                0x0000f075                        llSetupPauseEncReq = 0xf075
                0x0000f0c5                        llSetupPauseEncRsp = 0xf0c5
                0x0000f121                        llSetupPhyReq = 0xf121
                0x0000f177                        llSetupPhyRsp = 0xf177
                0x0000f1cd                        llSetupPhyUpdateInd = 0xf1cd
                0x0000f239                        llSetupPrdAdvEvent = 0xf239
                0x0000f3b9                        llSetupPrdScan = 0xf3b9
                0x0000f44d                        llSetupRejectExtInd = 0xf44d
                0x0000f479                        llSetupRejectInd = 0xf479
                0x0000f4a5                        llSetupScan = 0xf4a5
                0x0000f54d                        llSetupScanInit = 0xf54d
                0x0000f55d                        llSetupScannableAdvEvt = 0xf55d
                0x0000f66d                        llSetupSecAdvEvt = 0xf66d
                0x0000f6e9                        llSetupSecConnectableAdvEvt = 0xf6e9
                0x0000f7c1                        llSetupSecInit = 0xf7c1
                0x0000f875                        llSetupSecNonConnectableAdvEvt = 0xf875
                0x0000f94d                        llSetupSecScan = 0xf94d
                0x0000fa19                        llSetupSecScannableAdvEvt = 0xfa19
                0x0000faf1                        llSetupStartEncReq = 0xfaf1
                0x0000fb15                        llSetupStartEncRsp = 0xfb15
                0x0000fb59                        llSetupSyncInfo = 0xfb59
                0x0000fc2d                        llSetupTermInd = 0xfc2d
                0x0000fc91                        llSetupUndirectedAdvEvt = 0xfc91
                0x0000fda5                        llSetupUnknownRsp = 0xfda5
                0x0000fdf9                        llSetupUpdateChanReq = 0xfdf9
                0x0000fe6d                        llSetupUpdateParamReq = 0xfe6d
                0x0000ff05                        llSetupVersionIndReq = 0xff05
                0x0000ff79                        llSlaveEvt_TaskAbort = 0xff79
                0x0000ff95                        llSlaveEvt_TaskEndOk = 0xff95
                0x00010181                        llTrxNumAdaptiveConfig = 0x10181
                0x0001019b                        llValidAccessAddr = 0x1019b
                0x000101e1                        llWaitUs = 0x101e1
                0x00010209                        llWriteTxData = 0x10209
                0x0001028f                        ll_CalcRandomAddr = 0x1028f
                0x000102cd                        ll_ResolveRandomAddrs = 0x102cd
                0x00010315                        ll_addTask = 0x10315
                0x00010445                        ll_add_adv_task = 0x10445
                0x00010461                        ll_add_adv_task_periodic = 0x10461
                0x0001047d                        ll_adptive_adj_next_time = 0x1047d
                0x000104fd                        ll_adptive_smart_window = 0x104fd
                0x000105ad                        ll_adv_scheduler = 0x105ad
                0x000105c9                        ll_adv_scheduler_periodic = 0x105c9
                0x000105e5                        ll_allocAuxAdvTimeSlot = 0x105e5
                0x00010679                        ll_allocAuxAdvTimeSlot_prd = 0x10679
                0x00010719                        _ll_debug_output = 0x10719
                0x00010731                        ll_deleteTask = 0x10731
                0x00010765                        ll_delete_adv_task = 0x10765
                0x00010781                        ll_delete_adv_task_periodic = 0x10781
                0x0001079d                        ll_ext_adv_schedule_next_event = 0x1079d
                0x000107c1                        ll_ext_init_schedule_next_event = 0x107c1
                0x000107dd                        ll_ext_scan_schedule_next_event = 0x107dd
                0x000107f9                        ll_generateExtAdvDid = 0x107f9
                0x00010801                        ll_generateTxBuffer = 0x10801
                0x000109c1                        ll_getFirstAdvChn = 0x109c1
                0x000109cd                        ll_getRPAListEntry = 0x109cd
                0x00010a39                        ll_get_next_active_conn = 0x10a39
                0x00010aa1                        ll_get_next_timer = 0x10aa1
                0x00010add                        ll_hw_clr_irq = 0x10add
                0x00010aed                        ll_hw_config = 0x10aed
                0x00010b6d                        ll_hw_get_anchor = 0x10b6d
                0x00010b79                        ll_hw_get_fsm_status = 0x10b79
                0x00010b89                        ll_hw_get_iq_RawSample = 0x10b89
                0x00010bbd                        ll_hw_get_irq_status = 0x10bbd
                0x00010bcd                        ll_hw_get_last_ack = 0x10bcd
                0x00010be9                        ll_hw_get_loop_cycle = 0x10be9
                0x00010bf5                        ll_hw_get_loop_time = 0x10bf5
                0x00010c01                        ll_hw_get_nAck = 0x10c01
                0x00010c11                        ll_hw_get_rfifo_depth = 0x10c11
                0x00010c25                        ll_hw_get_rfifo_info = 0x10c25
                0x00010c45                        ll_hw_get_rxPkt_CrcErr_num = 0x10c45
                0x00010c55                        ll_hw_get_rxPkt_CrcOk_num = 0x10c55
                0x00010c69                        ll_hw_get_rxPkt_Total_num = 0x10c69
                0x00010c79                        ll_hw_get_rxPkt_num = 0x10c79
                0x00010c85                        ll_hw_get_rxPkt_stats = 0x10c85
                0x00010c9d                        ll_hw_get_snNesn = 0x10c9d
                0x00010cad                        ll_hw_get_tfifo_info = 0x10cad
                0x00010ccd                        ll_hw_get_tfifo_wrptr = 0x10ccd
                0x00010cdd                        ll_hw_get_tr_mode = 0x10cdd
                0x00010ced                        ll_hw_get_txAck = 0x10ced
                0x00010cf9                        ll_hw_go = 0x10cf9
                0x00010df9                        ll_hw_ign_rfifo = 0x10df9
                0x00010e05                        ll_hw_process_RTO = 0x10e05
                0x00010e6d                        ll_hw_read_rfifo = 0x10e6d
                0x00010ee9                        ll_hw_read_rfifo_pplus = 0x10ee9
                0x00010f51                        ll_hw_read_rfifo_zb = 0x10f51
                0x00010fad                        ll_hw_read_tfifo_packet = 0x10fad
                0x00010ff5                        ll_hw_read_tfifo_rtlp = 0x10ff5
                0x000110b1                        ll_hw_rst_rfifo = 0x110b1
                0x000110e9                        ll_hw_rst_tfifo = 0x110e9
                0x000110f5                        ll_hw_set_ant_pattern = 0x110f5
                0x00011101                        ll_hw_set_ant_switch_mode = 0x11101
                0x00011115                        ll_hw_set_ant_switch_timing = 0x11115
                0x0001112d                        ll_hw_set_crc_fmt = 0x1112d
                0x0001113d                        ll_hw_set_cte_rxSupp = 0x1113d
                0x00011155                        ll_hw_set_cte_txSupp = 0x11155
                0x00011169                        ll_hw_set_empty_head = 0x11169
                0x00011175                        ll_hw_set_irq = 0x11175
                0x00011181                        ll_hw_set_loop_nack_num = 0x11181
                0x0001118d                        ll_hw_set_loop_timeout = 0x1118d
                0x000111a1                        ll_hw_set_pplus_pktfmt = 0x111a1
                0x000111cd                        ll_hw_set_rtlp = 0x111cd
                0x0001121d                        ll_hw_set_rtlp_1st = 0x1121d
                0x00011265                        ll_hw_set_rtx = 0x11265
                0x00011279                        ll_hw_set_rx_timeout = 0x11279
                0x00011285                        ll_hw_set_rx_timeout_1st = 0x11285
                0x00011291                        ll_hw_set_rx_tx_interval = 0x11291
                0x000112a5                        ll_hw_set_srx = 0x112a5
                0x000112b9                        ll_hw_set_stx = 0x112b9
                0x000112cd                        ll_hw_set_tfifo_space = 0x112cd
                0x000112e5                        ll_hw_set_timing = 0x112e5
                0x00011381                        ll_hw_set_trlp = 0x11381
                0x000113c9                        ll_hw_set_trx = 0x113c9
                0x000113dd                        ll_hw_set_trx_settle = 0x113dd
                0x000113f1                        ll_hw_set_tx_rx_interval = 0x113f1
                0x00011405                        ll_hw_set_tx_rx_release = 0x11405
                0x00011421                        ll_hw_trigger = 0x11421
                0x00011445                        ll_hw_trx_settle_config = 0x11445
                0x00011489                        ll_hw_tx2rx_timing_config = 0x11489
                0x000114dd                        ll_hw_update = 0x114dd
                0x00011539                        ll_hw_update_rtlp_mode = 0x11539
                0x00011579                        ll_hw_update_trlp_mode = 0x11579
                0x000115c1                        ll_hw_write_tfifo = 0x115c1
                0x00011649                        ll_isAddrInWhiteList = 0x11649
                0x000116a9                        ll_isFirstAdvChn = 0x116a9
                0x000116c7                        ll_isIrkAllZero = 0x116c7
                0x000116dd                        ll_isLegacyAdv = 0x116dd
                0x000116ed                        ll_parseExtHeader = 0x116ed
                0x000117a9                        ll_prd_adv_schedule_next_event = 0x117a9
                0x000117cd                        ll_prd_scan_schedule_next_event = 0x117cd
                0x000117e9                        ll_processBasicIRQ = 0x117e9
                0x00013401                        ll_processExtAdvIRQ = 0x13401
                0x00013405                        ll_processExtInitIRQ = 0x13405
                0x00013409                        ll_processExtScanIRQ = 0x13409
                0x0001340d                        ll_processMissMasterEvt = 0x1340d
                0x000134ed                        ll_processMissSlaveEvt = 0x134ed
                0x000135f5                        ll_processPrdAdvIRQ = 0x135f5
                0x000135f9                        ll_processPrdScanIRQ = 0x135f9
                0x000135fd                        ll_readLocalIRK = 0x135fd
                0x000136c5                        ll_read_rxfifo = 0x136c5
                0x00013761                        ll_schedule_next_event = 0x13761
                0x00013771                        ll_scheduler = 0x13771
                0x00013789                        ll_scheduler0 = 0x13789
                0x00013a11                        ll_updateAuxAdvTimeSlot = 0x13a11
                0x00013a39                        ll_updateExtAdvRemainderTime = 0x13a39
                0x00013ab9                        log_clr_putc = 0x13ab9
                0x00013ac5                        log_debug_level = 0x13ac5
                0x00013ad9                        log_get_debug_level = 0x13ad9
                0x00013ae5                        log_printf = 0x13ae5
                0x00013b05                        log_set_putc = 0x13b05
                0x00013b11                        log_vsprintf = 0x13b11
                0x00013f09                        move_to_master_function = 0x13f09
                0x0001406d                        move_to_slave_function = 0x1406d
                0x00014439                        osalAddTimer = 0x14439
                0x000144a9                        osalDeleteTimer = 0x144a9
                0x000144b5                        osalFindTimer = 0x144b5
                0x000144d5                        osalTimeUpdate = 0x144d5
                0x00014541                        osalTimeUpdate1 = 0x14541
                0x0001457d                        osalTimerInit = 0x1457d
                0x00014589                        osalTimerUpdate = 0x14589
                0x00014621                        osal_CbTimerInit = 0x14621
                0x00014641                        osal_CbTimerProcessEvent = 0x14641
                0x000146a9                        osal_CbTimerStart = 0x146a9
                0x00014711                        osal_CbTimerStop = 0x14711
                0x00014751                        osal_CbTimerUpdate = 0x14751
                0x000147a1                        osal_ConvertUTCSecs = 0x147a1
                0x00014841                        osal_ConvertUTCTime = 0x14841
                0x00014949                        osal_GetSystemClock = 0x14949
                0x00014955                        osal_bm_adjust_header = 0x14955
                0x0001497d                        osal_bm_adjust_tail = 0x1497d
                0x000149a9                        osal_bm_alloc = 0x149a9
                0x000149d9                        osal_bm_free = 0x149d9
                0x00014a21                        osal_buffer_uint24 = 0x14a21
                0x00014a2f                        osal_buffer_uint32 = 0x14a2f
                0x00014a41                        osal_build_uint16 = 0x14a41
                0x00014a4d                        osal_build_uint32 = 0x14a4d
                0x00014a89                        osal_clear_event = 0x14a89
                0x00014abd                        osal_getClock = 0x14abd
                0x00014ac9                        osal_get_timeoutEx = 0x14ac9
                0x00014aed                        osal_init_system = 0x14aed
                0x00014b1d                        osal_isbufset = 0x14b1d
                0x00014b3d                        osal_mem_alloc = 0x14b3d
                0x00014c01                        osal_mem_free = 0x14c01
                0x00014c25                        osal_mem_init = 0x14c25
                0x00014c8d                        osal_mem_kick = 0x14c8d
                0x00014cb5                        osal_mem_set_heap = 0x14cb5
                0x00014ccd                        osal_memcmp = 0x14ccd
                0x00014ce9                        osal_memcpy = 0x14ce9
                0x00014cf9                        osal_memdup = 0x14cf9
                0x00014d15                        osal_memset = 0x14d15
                0x00014d1d                        osal_msg_allocate = 0x14d1d
                0x00014d43                        osal_msg_deallocate = 0x14d43
                0x00014d65                        osal_msg_dequeue = 0x14d65
                0x00014d91                        osal_msg_enqueue = 0x14d91
                0x00014dc3                        osal_msg_enqueue_max = 0x14dc3
                0x00014e6d                        osal_msg_extract = 0x14e6d
                0x00014e9d                        osal_msg_find = 0x14e9d
                0x00014ed1                        osal_msg_push = 0x14ed1
                0x00014eeb                        osal_msg_push_front = 0x14eeb
                0x00014ef5                        osal_msg_receive = 0x14ef5
                0x00014f59                        osal_msg_send = 0x14f59
                0x00014f7d                        osal_next_timeout = 0x14f7d
                0x00014fa5                        osal_pwrmgr_device = 0x14fa5
                0x00014fb1                        osal_pwrmgr_init = 0x14fb1
                0x00014fc1                        osal_pwrmgr_powerconserve = 0x14fc1
                0x00014fd9                        osal_pwrmgr_powerconserve0 = 0x14fd9
                0x000150f9                        osal_pwrmgr_task_state = 0x150f9
                0x00015129                        osal_rand = 0x15129
                0x00015145                        osal_revmemcpy = 0x15145
                0x00015159                        osal_run_system = 0x15159
                0x000151f5                        osal_self = 0x151f5
                0x00015201                        osal_setClock = 0x15201
                0x0001520d                        osal_set_event = 0x1520d
                0x00015259                        osal_start_reload_timer = 0x15259
                0x00015285                        osal_start_system = 0x15285
                0x0001528b                        osal_start_timerEx = 0x1528b
                0x000152b3                        osal_stop_timerEx = 0x152b3
                0x000152dd                        osal_strlen = 0x152dd
                0x000152e5                        osal_timer_num_active = 0x152e5
                0x00015315                        phy_sec_app_key = 0x15315
                0x0001531d                        phy_sec_decrypt = 0x1531d
                0x0001532d                        phy_sec_efuse_lock = 0x1532d
                0x00015339                        phy_sec_encrypt = 0x15339
                0x00015349                        phy_sec_init = 0x15349
                0x0001540d                        phy_sec_key_valid = 0x1540d
                0x00015b19                        prog_process_data = 0x15b19
                0x00015c51                        prog_uart_command = 0x15c51
                0x00015c71                        prog_uart_fct_command = 0x15c71
                0x00015c8d                        prog_uart_handle = 0x15c8d
                0x00015cbd                        read_LL_remainder_time = 0x15cbd
                0x00015cc9                        read_current_fine_time = 0x15cc9
                0x00015cf1                        read_ll_adv_remainder_time = 0x15cf1
                0x00015cfd                        reset_conn_buf = 0x15cfd
                0x00015d75                        rf_calibrate = 0x15d75
                0x00015ded                        rf_init = 0x15ded
                0x00015dfd                        rf_phy_ana_cfg = 0x15dfd
                0x00015f0d                        rf_phy_bb_cfg = 0x15f0d
                0x00016085                        rf_phy_change_cfg = 0x16085
                0x00016129                        rf_phy_direct_test_ate = 0x16129
                0x00016669                        rf_phy_get_pktFoot = 0x16669
                0x000166c1                        rf_phy_ini = 0x166c1
                0x000166dd                        rf_phy_set_txPower = 0x166dd
                0x00016701                        rf_rxDcoc_cfg = 0x16701
                0x00016811                        rf_tpCal_cfg = 0x16811
                0x0001683d                        rf_tpCal_cfg_avg = 0x1683d
                0x000168ed                        rf_tpCal_gen_cap_arrary = 0x168ed
                0x00016929                        rf_tp_cal = 0x16929
                0x00016a09                        rom_board_init = 0x16a09
                0x00016ab5                        rtc_clear = 0x16ab5
                0x00016ad1                        rtc_config_prescale = 0x16ad1
                0x00016b15                        rtc_get_counter = 0x16b15
                0x00016b25                        rtc_start = 0x16b25
                0x00016b35                        rtc_stop = 0x16b35
                0x00016b45                        setSleepMode = 0x16b45
                0x00016b51                        set_access_address = 0x16b51
                0x00016b5d                        set_channel = 0x16b5d
                0x00016b9d                        set_crc_seed = 0x16b9d
                0x00016bb5                        set_gpio_pull_down_ate = 0x16bb5
                0x00016bcb                        set_gpio_pull_up_ate = 0x16bcb
                0x00016be1                        set_int = 0x16be1
                0x00016bed                        set_max_length = 0x16bed
                0x00016c01                        set_sleep_flag = 0x16c01
                0x00016c2d                        set_timer = 0x16c2d
                0x00016cc9                        set_whiten_seed = 0x16cc9
                0x00016d49                        spif_cmd = 0x16d49
                0x00016dc5                        spif_config = 0x16dc5
                0x00016ea1                        spif_erase_all = 0x16ea1
                0x00016ed1                        spif_erase_block64 = 0x16ed1
                0x00016f55                        spif_erase_chip = 0x16f55
                0x00016fa9                        spif_erase_sector = 0x16fa9
                0x00017029                        spif_flash_size = 0x17029
                0x0001703d                        spif_flash_status_reg_0 = 0x1703d
                0x00017047                        spif_flash_status_reg_1 = 0x17047
                0x00017051                        spif_init = 0x17051
                0x0001713d                        spif_rddata = 0x1713d
                0x00017165                        spif_read = 0x17165
                0x0001717d                        spif_read_dma = 0x1717d
                0x000172cd                        spif_release_deep_sleep = 0x172cd
                0x00017349                        spif_set_deep_sleep = 0x17349
                0x0001736d                        spif_wrdata = 0x1736d
                0x00017395                        spif_write = 0x17395
                0x0001744d                        spif_write_dma = 0x1744d
                0x000174f9                        spif_write_protect = 0x174f9
                0x00017591                        sram_ret_patch = 0x17591
                0x00017609                        update_rx_read_ptr = 0x17609
                0x00017635                        update_rx_write_ptr = 0x17635
                0x00017659                        update_tx_read_ptr = 0x17659
                0x00017685                        update_tx_write_ptr = 0x17685
                0x000176a9                        wakeupProcess = 0x176a9
                0x000176c5                        wakeupProcess0 = 0x176c5
                0x000178a5                        wakeup_init = 0x178a5
                0x000178bd                        wakeup_init0 = 0x178bd
                0x0001798d                        zigbee_crc16_gen = 0x1798d
                0x00017c00                        supportedCmdsTable = 0x17c00
                0x00017c44                        hciCmdTable = 0x17c44
                0x00017c4c                        SCA = 0x17c4c
                0x1fff0818                        hclk_per_us = 0x1fff0818
                0x1fff081c                        hclk_per_us_shift = 0x1fff081c
                0x1fff0828                        s_prog_time_save = 0x1fff0828
                0x1fff082c                        s_prog_timeout = 0x1fff082c
                0x1fff0830                        DFL_ENTRY_BASE = 0x1fff0830
                0x1fff0850                        receive_timeout_flag = 0x1fff0850
                0x1fff0860                        osal_sys_tick = 0x1fff0860
                0x1fff0864                        g_timer4_irq_pending_time = 0x1fff0864
                0x1fff0874                        g_hclk = 0x1fff0874
                0x1fff0878                        m_in_critical_region = 0x1fff0878
                0x1fff0888                        s_rom_debug_level = 0x1fff0888
                0x1fff0894                        s_spif_ctx = 0x1fff0894
                0x1fff08b8                        osal_qHead = 0x1fff08b8
                0x1fff08c0                        baseTaskID = 0x1fff08c0
                0x1fff08cc                        OSAL_timeSeconds = 0x1fff08cc
                0x1fff08e4                        ll_remain_time = 0x1fff08e4
                0x1fff08e8                        pwrmgr_attribute = 0x1fff08e8
                0x1fff08f0                        timerHead = 0x1fff08f0
                0x1fff08f8                        hciPTMenabled = 0x1fff08f8
                0x1fff08f9                        ctrlToHostEnable = 0x1fff08f9
                0x1fff08fa                        numHostBufs = 0x1fff08fa
                0x1fff08fc                        hciCtrlCmdToken = 0x1fff08fc
                0x1fff0900                        bleEvtMask = 0x1fff0900
                0x1fff0904                        pHciEvtMask = 0x1fff0904
                0x1fff090c                        hciTaskID = 0x1fff090c
                0x1fff090d                        hciTestTaskID = 0x1fff090d
                0x1fff090e                        hciGapTaskID = 0x1fff090e
                0x1fff090f                        hciL2capTaskID = 0x1fff090f
                0x1fff0910                        hciSmpTaskID = 0x1fff0910
                0x1fff0911                        hciExtTaskID = 0x1fff0911
                0x1fff0914                        g_maxConnNum = 0x1fff0914
                0x1fff0915                        g_maxPktPerEventTx = 0x1fff0915
                0x1fff0916                        g_maxPktPerEventRx = 0x1fff0916
                0x1fff0917                        g_blePktVersion = 0x1fff0917
                0x1fff0918                        g_llRlEnable = 0x1fff0918
                0x1fff0919                        g_llScanMode = 0x1fff0919
                0x1fff091a                        g_llAdvMode = 0x1fff091a
                0x1fff091b                        LL_TaskID = 0x1fff091b
                0x1fff091c                        llState = 0x1fff091c
                0x1fff091d                        numComplPkts = 0x1fff091d
                0x1fff091e                        numComplPktsLimit = 0x1fff091e
                0x1fff091f                        fastTxRespTime = 0x1fff091f
                0x1fff0920                        g_llWlDeviceNum = 0x1fff0920
                0x1fff0921                        g_llRlDeviceNum = 0x1fff0921
                0x1fff0922                        rxFifoFlowCtrl = 0x1fff0922
                0x1fff0923                        llSecondaryState = 0x1fff0923
                0x1fff0924                        g_extAdvNumber = 0x1fff0924
                0x1fff0925                        g_perioAdvNumber = 0x1fff0925
                0x1fff0926                        g_schExtAdvNum = 0x1fff0926
                0x1fff0927                        g_currentExtAdv = 0x1fff0927
                0x1fff0928                        g_schExtAdvNum_periodic = 0x1fff0928
                0x1fff0929                        g_currentExtAdv_periodic = 0x1fff0929
                0x1fff092c                        g_llRlTimeout = 0x1fff092c
                0x1fff0930                        g_advSetMaximumLen = 0x1fff0930
                0x1fff0934                        conn_param = 0x1fff0934
                0x1fff0938                        g_pExtendedAdvInfo = 0x1fff0938
                0x1fff093c                        g_pPeriodicAdvInfo = 0x1fff093c
                0x1fff0940                        g_pLLcteISample = 0x1fff0940
                0x1fff0944                        g_pLLcteQSample = 0x1fff0944
                0x1fff0948                        g_llHdcDirAdvTime = 0x1fff0948
                0x1fff094c                        g_pAdvSchInfo = 0x1fff094c
                0x1fff0950                        g_advPerSlotTick = 0x1fff0950
                0x1fff0954                        g_advSlotPeriodic = 0x1fff0954
                0x1fff0958                        g_pAdvSchInfo_periodic = 0x1fff0958
                0x1fff095c                        g_timerExpiryTick = 0x1fff095c
                0x1fff0960                        chanMapUpdate = 0x1fff0960
                0x1fff0965                        ownPublicAddr = 0x1fff0965
                0x1fff096b                        ownRandomAddr = 0x1fff096b
                0x1fff0972                        verInfo = 0x1fff0972
                0x1fff0978                        peerInfo = 0x1fff0978
                0x1fff0980                        g_currentAdvTimer = 0x1fff0980
                0x1fff0984                        g_currentTimerTask = 0x1fff0984
                0x1fff0988                        g_adv_taskID = 0x1fff0988
                0x1fff0989                        g_conn_taskID = 0x1fff0989
                0x1fff098a                        g_smartWindowRTOCnt = 0x1fff098a
                0x1fff098b                        isPeerRpaStore = 0x1fff098b
                0x1fff098c                        g_same_rf_channel_flag = 0x1fff098c
                0x1fff098d                        g_currentPeerAddrType = 0x1fff098d
                0x1fff098e                        g_currentLocalAddrType = 0x1fff098e
                0x1fff098f                        storeRpaListIndex = 0x1fff098f
                0x1fff0990                        llTaskState = 0x1fff0990
                0x1fff0992                        g_adv_taskEvent = 0x1fff0992
                0x1fff0994                        g_conn_taskEvent = 0x1fff0994
                0x1fff0998                        llWaitingIrq = 0x1fff0998
                0x1fff099c                        ISR_entry_time = 0x1fff099c
                0x1fff09a0                        slave_conn_event_recv_delay = 0x1fff09a0
                0x1fff09a4                        g_smartWindowLater = 0x1fff09a4
                0x1fff09a8                        g_smartWindowActiveCnt = 0x1fff09a8
                0x1fff09ac                        g_smartWindowPreAnchPoint = 0x1fff09ac
                0x1fff09b0                        g_getPn23_cnt = 0x1fff09b0
                0x1fff09b4                        g_getPn23_seed = 0x1fff09b4
                0x1fff09b8                        llScanTime = 0x1fff09b8
                0x1fff09bc                        p_perStatsByChan = 0x1fff09bc
                0x1fff09c0                        LL_PLUS_AdvDataFilterCBack = 0x1fff09c0
                0x1fff09c4                        LL_PLUS_ScanRequestFilterCBack = 0x1fff09c4
                0x1fff09c8                        g_new_master_delta = 0x1fff09c8
                0x1fff09cc                        llScanT1 = 0x1fff09cc
                0x1fff09d0                        llCurrentScanChn = 0x1fff09d0
                0x1fff09d4                        g_currentLocalRpa = 0x1fff09d4
                0x1fff09da                        g_currentPeerRpa = 0x1fff09da
                0x1fff09e0                        currentPeerRpa = 0x1fff09e0
                0x1fff09e6                        g_dle_taskID = 0x1fff09e6
                0x1fff09e8                        g_dle_taskEvent = 0x1fff09e8
                0x1fff09ea                        g_phyChg_taskID = 0x1fff09ea
                0x1fff09ec                        g_phyChg_taskEvent = 0x1fff09ec
                0x1fff09f0                        g_smartWindowSize = 0x1fff09f0
                0x1fff09f4                        g_smartWindowSizeNew = 0x1fff09f4
                0x1fff09f8                        g_smartWindowActive = 0x1fff09f8
                0x1fff09fc                        g_interAuxPduDuration = 0x1fff09fc
                0x1fff0a04                        connUpdateTimer = 0x1fff0a04
                0x1fff0a0c                        sleep_flag = 0x1fff0a0c
                0x1fff0a10                        g_wakeup_rtc_tick = 0x1fff0a10
                0x1fff0a14                        g_counter_traking_avg = 0x1fff0a14
                0x1fff0a18                        g_TIM2_IRQ_TIM3_CurrCount = 0x1fff0a18
                0x1fff0a1c                        g_TIM2_IRQ_to_Sleep_DeltTick = 0x1fff0a1c
                0x1fff0a20                        g_TIM2_IRQ_PendingTick = 0x1fff0a20
                0x1fff0a24                        g_osal_tick_trim = 0x1fff0a24
                0x1fff0a28                        g_osalTickTrim_mod = 0x1fff0a28
                0x1fff0a2c                        rtc_mod_value = 0x1fff0a2c
                0x1fff0a30                        g_counter_traking_cnt = 0x1fff0a30
                0x1fff0a34                        sleep_tick = 0x1fff0a34
                0x1fff0a38                        counter_tracking = 0x1fff0a38
                0x1fff0a3c                        forever_write = 0x1fff0a3c
                0x1fff0a40                        g_TIM2_wakeup_delay = 0x1fff0a40
                0x1fff0a44                        g_rfPhyTpCal0 = 0x1fff0a44
                0x1fff0a45                        g_rfPhyTpCal1 = 0x1fff0a45
                0x1fff0a46                        g_rfPhyTpCal0_2Mbps = 0x1fff0a46
                0x1fff0a47                        g_rfPhyTpCal1_2Mbps = 0x1fff0a47
                0x1fff0a48                        g_rfPhyTxPower = 0x1fff0a48
                0x1fff0a49                        g_rfPhyPktFmt = 0x1fff0a49
                0x1fff0a4a                        g_system_clk = 0x1fff0a4a
                0x1fff0a4b                        g_rfPhyClkSel = 0x1fff0a4b
                0x1fff0a4c                        g_rxAdcClkSel = 0x1fff0a4c
                0x1fff0a4d                        g_dtmModeType = 0x1fff0a4d
                0x1fff0a4e                        g_dtmLength = 0x1fff0a4e
                0x1fff0a4f                        g_dtmExtLen = 0x1fff0a4f
                0x1fff0a50                        g_dtmPKT = 0x1fff0a50
                0x1fff0a51                        g_dtmTxPower = 0x1fff0a51
                0x1fff0a52                        g_dtmRssi = 0x1fff0a52
                0x1fff0a53                        g_dtmCarrSens = 0x1fff0a53
                0x1fff0a54                        g_dtmPktIntv = 0x1fff0a54
                0x1fff0a56                        g_dtmPktCount = 0x1fff0a56
                0x1fff0a58                        g_dtmRxCrcNum = 0x1fff0a58
                0x1fff0a5a                        g_dtmRxTONum = 0x1fff0a5a
                0x1fff0a5c                        g_dtmRsp = 0x1fff0a5c
                0x1fff0a5e                        g_dtmFoff = 0x1fff0a5e
                0x1fff0a60                        g_rfPhyRxDcIQ = 0x1fff0a60
                0x1fff0a64                        g_dtmTick = 0x1fff0a64
                0x1fff0a68                        g_rfPhyFreqOffSet = 0x1fff0a68
                0x1fff0a69                        g_rfPhyDtmCmd = 0x1fff0a69
                0x1fff0a6b                        g_rfPhyDtmEvt = 0x1fff0a6b
                0x1fff0a6d                        g_dtmCmd = 0x1fff0a6d
                0x1fff0a6e                        g_dtmFreq = 0x1fff0a6e
                0x1fff0a6f                        g_dtmCtrl = 0x1fff0a6f
                0x1fff0a70                        g_dtmPara = 0x1fff0a70
                0x1fff0a71                        g_dtmEvt = 0x1fff0a71
                0x1fff0a72                        g_dtmStatus = 0x1fff0a72
                0x1fff0a73                        g_dtmTpCalEnable = 0x1fff0a73
                0x1fff0a74                        g_dtmPerAutoIntv = 0x1fff0a74
                0x1fff0a78                        g_dtmAccessCode = 0x1fff0a78
                0x1fff0a80                        g_system_reset_cause = 0x1fff0a80
                0x1fff0afc                        cbTimers = 0x1fff0afc
                0x1fff0b74                        g_llSleepContext = 0x1fff0b74
                0x1fff0b84                        syncInfo = 0x1fff0b84
                0x1fff0b96                        scanSyncInfo = 0x1fff0b96
                0x1fff0ba6                        adv_param = 0x1fff0ba6
                0x1fff0bbc                        scanInfo = 0x1fff0bbc
                0x1fff0bd4                        initInfo = 0x1fff0bd4
                0x1fff0be8                        extScanInfo = 0x1fff0be8
                0x1fff0c10                        extInitInfo = 0x1fff0c10
                0x1fff0c50                        g_llPeriodAdvSyncInfo = 0x1fff0c50
                0x1fff0d30                        g_ll_conn_ctx = 0x1fff0d30
                0x1fff0e48                        deviceFeatureSet = 0x1fff0e48
                0x1fff0e51                        g_llWhitelist = 0x1fff0e51
                0x1fff0e89                        g_llResolvinglist = 0x1fff0e89
                0x1fff0ffc                        g_pmCounters = 0x1fff0ffc
                0x1fff1084                        g_llPduLen = 0x1fff1084
                0x1fff10e0                        rfCounters = 0x1fff10e0
                0x1fff10ec                        ext_adv_hdr = 0x1fff10ec
                0x1fff1118                        dataPkt = 0x1fff1118
                0x1fff1138                        cachedTRNGdata = 0x1fff1138
                0x1fff1144                        whiten_seed = 0x1fff1144
                0x1fff116c                        g_tx_adv_buf = 0x1fff116c
                0x1fff1278                        g_tx_ext_adv_buf = 0x1fff1278
                0x1fff1384                        tx_scanRsp_desc = 0x1fff1384
                0x1fff1490                        g_rx_adv_buf = 0x1fff1490
LOAD /home/laeb/Downloads/inkbird_ibs_th2p/inkbird_fw/build/stock_bundle_installer/start.o
LOAD /home/laeb/Downloads/inkbird_ibs_th2p/inkbird_fw/build/stock_bundle_installer/installer.o
OUTPUT(/home/laeb/Downloads/inkbird_ibs_th2p/inkbird_fw/build/stock_bundle_installer/STOCK_BUNDLE_INSTALLER.elf elf32-littlearm)
LOAD linker stubs

.debug_line     0x00000000      0x87c
 .debug_line    0x00000000       0x5c /home/laeb/Downloads/inkbird_ibs_th2p/inkbird_fw/build/stock_bundle_installer/start.o
 .debug_line    0x0000005c      0x820 /home/laeb/Downloads/inkbird_ibs_th2p/inkbird_fw/build/stock_bundle_installer/installer.o

.debug_line_str
                0x00000000       0x50
 .debug_line_str
                0x00000000       0x50 /home/laeb/Downloads/inkbird_ibs_th2p/inkbird_fw/build/stock_bundle_installer/start.o

.debug_info     0x00000000      0xb47
 .debug_info    0x00000000       0x31 /home/laeb/Downloads/inkbird_ibs_th2p/inkbird_fw/build/stock_bundle_installer/start.o
 .debug_info    0x00000031      0xb16 /home/laeb/Downloads/inkbird_ibs_th2p/inkbird_fw/build/stock_bundle_installer/installer.o

.debug_abbrev   0x00000000      0x2c8
 .debug_abbrev  0x00000000       0x28 /home/laeb/Downloads/inkbird_ibs_th2p/inkbird_fw/build/stock_bundle_installer/start.o
 .debug_abbrev  0x00000028      0x2a0 /home/laeb/Downloads/inkbird_ibs_th2p/inkbird_fw/build/stock_bundle_installer/installer.o

.debug_aranges  0x00000000       0x60
 .debug_aranges
                0x00000000       0x20 /home/laeb/Downloads/inkbird_ibs_th2p/inkbird_fw/build/stock_bundle_installer/start.o
 .debug_aranges
                0x00000020       0x40 /home/laeb/Downloads/inkbird_ibs_th2p/inkbird_fw/build/stock_bundle_installer/installer.o

.debug_str      0x00000000     0x3f4a
 .debug_str     0x00000000     0x3f4a /home/laeb/Downloads/inkbird_ibs_th2p/inkbird_fw/build/stock_bundle_installer/start.o
                                 0x6a (size before relaxing)
 .debug_str     0x00003f4a     0x40a2 /home/laeb/Downloads/inkbird_ibs_th2p/inkbird_fw/build/stock_bundle_installer/installer.o

.debug_loclists
                0x00000000      0x5fe
 .debug_loclists
                0x00000000      0x5fe /home/laeb/Downloads/inkbird_ibs_th2p/inkbird_fw/build/stock_bundle_installer/installer.o

.debug_rnglists
                0x00000000      0x116
 .debug_rnglists
                0x00000000      0x116 /home/laeb/Downloads/inkbird_ibs_th2p/inkbird_fw/build/stock_bundle_installer/installer.o

.debug_macro    0x00000000      0xf00
 .debug_macro   0x00000000       0xf2 /home/laeb/Downloads/inkbird_ibs_th2p/inkbird_fw/build/stock_bundle_installer/installer.o
 .debug_macro   0x000000f2      0xac0 /home/laeb/Downloads/inkbird_ibs_th2p/inkbird_fw/build/stock_bundle_installer/installer.o
 .debug_macro   0x00000bb2      0x34e /home/laeb/Downloads/inkbird_ibs_th2p/inkbird_fw/build/stock_bundle_installer/installer.o

.debug_frame    0x00000000       0x90
 .debug_frame   0x00000000       0x90 /home/laeb/Downloads/inkbird_ibs_th2p/inkbird_fw/build/stock_bundle_installer/installer.o
